Archive member included to satisfy reference by file (symbol)

D:/Software/MCUXpressoIDE/system/MCUXpressoIDE_25.6.136/ide/plugins/com.nxp.mcuxpresso.tools.win32_25.6.0.202501151204/tools/bin/../lib/gcc/arm-none-eabi/14.2.1/../../../../arm-none-eabi/lib/thumb/v8-m.main+fp/hard\libcr_nohost_nf.a(_cr__main.o)
                              ./startup/startup_mcxn947_cm33_core0.o (__main)
D:/Software/MCUXpressoIDE/system/MCUXpressoIDE_25.6.136/ide/plugins/com.nxp.mcuxpresso.tools.win32_25.6.0.202501151204/tools/bin/../lib/gcc/arm-none-eabi/14.2.1/../../../../arm-none-eabi/lib/thumb/v8-m.main+fp/hard\libcr_c.a(memcpy.o)
                              ./utilities/fsl_debug_console.o (memcpy)
D:/Software/MCUXpressoIDE/system/MCUXpressoIDE_25.6.136/ide/plugins/com.nxp.mcuxpresso.tools.win32_25.6.0.202501151204/tools/bin/../lib/gcc/arm-none-eabi/14.2.1/../../../../arm-none-eabi/lib/thumb/v8-m.main+fp/hard\libcr_c.a(memset.o)
                              ./drivers/fsl_ctimer.o (memset)
D:/Software/MCUXpressoIDE/system/MCUXpressoIDE_25.6.136/ide/plugins/com.nxp.mcuxpresso.tools.win32_25.6.0.202501151204/tools/bin/../lib/gcc/arm-none-eabi/14.2.1/../../../../arm-none-eabi/lib/thumb/v8-m.main+fp/hard\libcr_c.a(alloc.o)
                              ./drivers/fsl_common.o (malloc)
D:/Software/MCUXpressoIDE/system/MCUXpressoIDE_25.6.136/ide/plugins/com.nxp.mcuxpresso.tools.win32_25.6.0.202501151204/tools/bin/../lib/gcc/arm-none-eabi/14.2.1/../../../../arm-none-eabi/lib/thumb/v8-m.main+fp/hard\libcr_c.a(errno.o)
                              ./utilities/fsl_str.o (errno)
D:/Software/MCUXpressoIDE/system/MCUXpressoIDE_25.6.136/ide/plugins/com.nxp.mcuxpresso.tools.win32_25.6.0.202501151204/tools/bin/../lib/gcc/arm-none-eabi/14.2.1/../../../../arm-none-eabi/lib/thumb/v8-m.main+fp/hard\libcr_c.a(initio.o)
                              D:/Software/MCUXpressoIDE/system/MCUXpressoIDE_25.6.136/ide/plugins/com.nxp.mcuxpresso.tools.win32_25.6.0.202501151204/tools/bin/../lib/gcc/arm-none-eabi/14.2.1/../../../../arm-none-eabi/lib/thumb/v8-m.main+fp/hard\libcr_nohost_nf.a(_cr__main.o) (_initio)
D:/Software/MCUXpressoIDE/system/MCUXpressoIDE_25.6.136/ide/plugins/com.nxp.mcuxpresso.tools.win32_25.6.0.202501151204/tools/bin/../lib/gcc/arm-none-eabi/14.2.1/../../../../arm-none-eabi/lib/thumb/v8-m.main+fp/hard\libcr_c.a(printf.o)
                              ./source/lpuart_edma_transfer.o (_sprintf)
D:/Software/MCUXpressoIDE/system/MCUXpressoIDE_25.6.136/ide/plugins/com.nxp.mcuxpresso.tools.win32_25.6.0.202501151204/tools/bin/../lib/gcc/arm-none-eabi/14.2.1/../../../../arm-none-eabi/lib/thumb/v8-m.main+fp/hard\libcr_c.a(scanf.o)
                              ./utilities/fsl_str.o (strtoul)
D:/Software/MCUXpressoIDE/system/MCUXpressoIDE_25.6.136/ide/plugins/com.nxp.mcuxpresso.tools.win32_25.6.0.202501151204/tools/bin/../lib/gcc/arm-none-eabi/14.2.1/../../../../arm-none-eabi/lib/thumb/v8-m.main+fp/hard\libcr_c.a(setvbuf.o)
                              D:/Software/MCUXpressoIDE/system/MCUXpressoIDE_25.6.136/ide/plugins/com.nxp.mcuxpresso.tools.win32_25.6.0.202501151204/tools/bin/../lib/gcc/arm-none-eabi/14.2.1/../../../../arm-none-eabi/lib/thumb/v8-m.main+fp/hard\libcr_c.a(initio.o) (setvbuf)
D:/Software/MCUXpressoIDE/system/MCUXpressoIDE_25.6.136/ide/plugins/com.nxp.mcuxpresso.tools.win32_25.6.0.202501151204/tools/bin/../lib/gcc/arm-none-eabi/14.2.1/../../../../arm-none-eabi/lib/thumb/v8-m.main+fp/hard\libcr_c.a(strlen.o)
                              ./utilities/fsl_debug_console.o (strlen)
D:/Software/MCUXpressoIDE/system/MCUXpressoIDE_25.6.136/ide/plugins/com.nxp.mcuxpresso.tools.win32_25.6.0.202501151204/tools/bin/../lib/gcc/arm-none-eabi/14.2.1/../../../../arm-none-eabi/lib/thumb/v8-m.main+fp/hard\libcr_c.a(ungetc.o)
                              D:/Software/MCUXpressoIDE/system/MCUXpressoIDE_25.6.136/ide/plugins/com.nxp.mcuxpresso.tools.win32_25.6.0.202501151204/tools/bin/../lib/gcc/arm-none-eabi/14.2.1/../../../../arm-none-eabi/lib/thumb/v8-m.main+fp/hard\libcr_c.a(scanf.o) (ungetc)
D:/Software/MCUXpressoIDE/system/MCUXpressoIDE_25.6.136/ide/plugins/com.nxp.mcuxpresso.tools.win32_25.6.0.202501151204/tools/bin/../lib/gcc/arm-none-eabi/14.2.1/../../../../arm-none-eabi/lib/thumb/v8-m.main+fp/hard\libcr_c.a(__fillbuf.o)
                              D:/Software/MCUXpressoIDE/system/MCUXpressoIDE_25.6.136/ide/plugins/com.nxp.mcuxpresso.tools.win32_25.6.0.202501151204/tools/bin/../lib/gcc/arm-none-eabi/14.2.1/../../../../arm-none-eabi/lib/thumb/v8-m.main+fp/hard\libcr_c.a(scanf.o) (__filbuf)
D:/Software/MCUXpressoIDE/system/MCUXpressoIDE_25.6.136/ide/plugins/com.nxp.mcuxpresso.tools.win32_25.6.0.202501151204/tools/bin/../lib/gcc/arm-none-eabi/14.2.1/../../../../arm-none-eabi/lib/thumb/v8-m.main+fp/hard\libcr_c.a(__init_alloc.o)
[...]
Memory Configuration

Name             Origin             Length             Attributes
PROGRAM_FLASH0   0x00000000         0x00100000         xr
PROGRAM_FLASH1   0x00100000         0x00100000         xr
QSPI_FLASH       0x80000000         0x00800000         xr
SRAM             0x20000000         0x00060000         xrw
SRAMX            0x04000000         0x00018000         xrw
SRAMH            0x20060000         0x00008000         xrw
USB_RAM          0x400ba000         0x00001000         xrw
*default*        0x00000000         0xffffffff

Linker script and memory map

LOAD ./utilities/fsl_assert.o
LOAD ./utilities/fsl_debug_console.o
LOAD ./utilities/fsl_str.o
LOAD ./startup/boot_multicore_slave.o
LOAD ./startup/startup_mcxn947_cm33_core0.o
LOAD ./source/lpuart_edma_transfer.o
LOAD ./source/semihost_hardfault.o
LOAD ./drivers/fsl_clock.o
LOAD ./drivers/fsl_common.o
LOAD ./drivers/fsl_common_arm.o
LOAD ./drivers/fsl_ctimer.o
LOAD ./drivers/fsl_edma.o
LOAD ./drivers/fsl_edma_soc.o
LOAD ./drivers/fsl_gpio.o
LOAD ./drivers/fsl_lpflexcomm.o
LOAD ./drivers/fsl_lpuart.o
LOAD ./drivers/fsl_lpuart_edma.o
LOAD ./drivers/fsl_reset.o
LOAD ./drivers/fsl_spc.o
LOAD ./device/system_MCXN947_cm33_core0.o
LOAD ./component/uart/fsl_adapter_lpuart.o
LOAD ./component/lists/fsl_component_generic_list.o
LOAD ./board/board.o
LOAD ./board/clock_config.o
LOAD ./board/pin_mux.o
START GROUP
LOAD D:/Software/MCUXpressoIDE/system/MCUXpressoIDE_25.6.136/ide/plugins/com.nxp.mcuxpresso.tools.win32_25.6.0.202501151204/tools/bin/../lib/gcc/arm-none-eabi/14.2.1/../../../../arm-none-eabi/lib/thumb/v8-m.main+fp/hard\libcr_nohost_nf.a
LOAD D:/Software/MCUXpressoIDE/system/MCUXpressoIDE_25.6.136/ide/plugins/com.nxp.mcuxpresso.tools.win32_25.6.0.202501151204/tools/bin/../lib/gcc/arm-none-eabi/14.2.1/../../../../arm-none-eabi/lib/thumb/v8-m.main+fp/hard\libcr_c.a
LOAD D:/Software/MCUXpressoIDE/system/MCUXpressoIDE_25.6.136/ide/plugins/com.nxp.mcuxpresso.tools.win32_25.6.0.202501151204/tools/bin/../lib/gcc/arm-none-eabi/14.2.1/thumb/v8-m.main+fp/hard\libcr_eabihelpers.a
LOAD D:/Software/MCUXpressoIDE/system/MCUXpressoIDE_25.6.136/ide/plugins/com.nxp.mcuxpresso.tools.win32_25.6.0.202501151204/tools/bin/../lib/gcc/arm-none-eabi/14.2.1/thumb/v8-m.main+fp/hard\libgcc.a
END GROUP
                0x00000000                        __base_PROGRAM_FLASH0 = 0x0
                0x00000000                        __base_Flash = 0x0
                0x00100000                        __top_PROGRAM_FLASH0 = 0x100000
                0x00100000                        __top_Flash = 0x100000
                0x00100000                        __base_PROGRAM_FLASH1 = 0x100000
                0x00100000                        __base_Flash2 = 0x100000
                0x00200000                        __top_PROGRAM_FLASH1 = 0x200000
                0x00200000                        __top_Flash2 = 0x200000
                0x80000000                        __base_QSPI_FLASH = 0x80000000
                0x80000000                        __base_Flash3 = 0x80000000
                0x80800000                        __top_QSPI_FLASH = 0x80800000
                0x80800000                        __top_Flash3 = 0x80800000
                0x20000000                        __base_SRAM = 0x20000000
                0x20000000                        __base_RAM = 0x20000000
                0x20060000                        __top_SRAM = 0x20060000
                0x20060000                        __top_RAM = 0x20060000
                0x04000000                        __base_SRAMX = 0x4000000
                0x04000000                        __base_RAM2 = 0x4000000
                0x04018000                        __top_SRAMX = 0x4018000
                0x04018000                        __top_RAM2 = 0x4018000
                0x20060000                        __base_SRAMH = 0x20060000
                0x20060000                        __base_RAM3 = 0x20060000
                0x20068000                        __top_SRAMH = 0x20068000
                0x20068000                        __top_RAM3 = 0x20068000
                0x400ba000                        __base_USB_RAM = 0x400ba000
                0x400ba000                        __base_RAM4 = 0x400ba000
                0x400bb000                        __top_USB_RAM = 0x400bb000
                0x400bb000                        __top_RAM4 = 0x400bb000

.text_Flash2    0x00100000        0x0
 FILL mask 0xff
 *(SORT_BY_ALIGNMENT(.text_Flash2))
 *(SORT_BY_ALIGNMENT(.text_PROGRAM_FLASH1))
 *(SORT_BY_ALIGNMENT(.text.$Flash2))
 *(SORT_BY_ALIGNMENT(.text.$PROGRAM_FLASH1))
 *(SORT_BY_ALIGNMENT(.text_Flash2.*))
 *(SORT_BY_ALIGNMENT(.text_PROGRAM_FLASH1.*))
 *(SORT_BY_ALIGNMENT(.text.$Flash2.*))
 *(SORT_BY_ALIGNMENT(.text.$PROGRAM_FLASH1.*))
 *(SORT_BY_ALIGNMENT(.rodata.$Flash2))
 *(SORT_BY_ALIGNMENT(.rodata.$PROGRAM_FLASH1))
 *(SORT_BY_ALIGNMENT(.rodata.$Flash2.*))
 *(SORT_BY_ALIGNMENT(.rodata.$PROGRAM_FLASH1.*))

.text_Flash3    0x80000000        0x0
 FILL mask 0xff
 *(SORT_BY_ALIGNMENT(.text_Flash3))
 *(SORT_BY_ALIGNMENT(.text_QSPI_FLASH))
 *(SORT_BY_ALIGNMENT(.text.$Flash3))
 *(SORT_BY_ALIGNMENT(.text.$QSPI_FLASH))
 *(SORT_BY_ALIGNMENT(.text_Flash3.*))
 *(SORT_BY_ALIGNMENT(.text_QSPI_FLASH.*))
 *(SORT_BY_ALIGNMENT(.text.$Flash3.*))
 *(SORT_BY_ALIGNMENT(.text.$QSPI_FLASH.*))
 *(SORT_BY_ALIGNMENT(.rodata.$Flash3))
 *(SORT_BY_ALIGNMENT(.rodata.$QSPI_FLASH))
 *(SORT_BY_ALIGNMENT(.rodata.$Flash3.*))
 *(SORT_BY_ALIGNMENT(.rodata.$QSPI_FLASH.*))

.text           0x00000000     0x73fc
 FILL mask 0xff
                0x00000000                        __vectors_start__ = ABSOLUTE (.)
 *(SORT_BY_ALIGNMENT(.isr_vector))
 .isr_vector    0x00000000      0x2b0 ./startup/startup_mcxn947_cm33_core0.o
                0x00000000                g_pfnVectors
                0x00000000                __Vectors
                0x000002b0                        . = ALIGN (0x4)
                0x000002b0                        __section_table_start = .
                0x000002b0                        __data_section_table = .
                0x000002b0        0x4 LONG 0x73fc LOADADDR (.data)
                0x000002b4        0x4 LONG 0x20000000 ADDR (.data)
                0x000002b8        0x4 LONG 0x58 SIZEOF (.data)
                0x000002bc        0x4 LONG 0x73fc LOADADDR (.data_RAM2)
                0x000002c0        0x4 LONG 0x4000000 ADDR (.data_RAM2)
                0x000002c4        0x4 LONG 0x0 SIZEOF (.data_RAM2)
                0x000002c8        0x4 LONG 0x73fc LOADADDR (.data_RAM3)
                0x000002cc        0x4 LONG 0x20060000 ADDR (.data_RAM3)
                0x000002d0        0x4 LONG 0x0 SIZEOF (.data_RAM3)
                0x000002d4        0x4 LONG 0x73fc LOADADDR (.data_RAM4)
                0x000002d8        0x4 LONG 0x400ba000 ADDR (.data_RAM4)
                0x000002dc        0x4 LONG 0x0 SIZEOF (.data_RAM4)
                0x000002e0                        __data_section_table_end = .
                0x000002e0                        __bss_section_table = .
                0x000002e0        0x4 LONG 0x20000058 ADDR (.bss)
                0x000002e4        0x4 LONG 0x4bc SIZEOF (.bss)
                0x000002e8        0x4 LONG 0x4000000 ADDR (.bss_RAM2)
                0x000002ec        0x4 LONG 0x0 SIZEOF (.bss_RAM2)
                0x000002f0        0x4 LONG 0x20060000 ADDR (.bss_RAM3)
                0x000002f4        0x4 LONG 0x0 SIZEOF (.bss_RAM3)
                0x000002f8        0x4 LONG 0x400ba000 ADDR (.bss_RAM4)
                0x000002fc        0x4 LONG 0x0 SIZEOF (.bss_RAM4)
                0x00000300                        __bss_section_table_end = .
                0x00000300                        __section_table_end = .
 *(SORT_BY_ALIGNMENT(.after_vectors*))
 .after_vectors.reset
                0x00000300       0x4c ./startup/startup_mcxn947_cm33_core0.o
                0x00000300                ResetISR
 .after_vectors.init_data
                0x0000034c       0x1e ./startup/startup_mcxn947_cm33_core0.o
                0x0000034c                data_init
 .after_vectors.init_bss
                0x0000036a       0x12 ./startup/startup_mcxn947_cm33_core0.o
                0x0000036a                bss_init
 .after_vectors
                0x0000037c       0x16 ./startup/startup_mcxn947_cm33_core0.o
                0x0000037c                NMI_Handler
                0x00000380                MemManage_Handler
                0x00000382                BusFault_Handler
                0x00000384                UsageFault_Handler
                0x00000386                SecureFault_Handler
                0x00000388                SVC_Handler
                0x0000038a                DebugMon_Handler
                0x0000038c                PendSV_Handler
                0x0000038e                SysTick_Handler
                0x00000390                CMC0_DriverIRQHandler
                0x00000390                PKC_ERR_DriverIRQHandler
                0x00000390                SCG_DriverIRQHandler
                0x00000390                FLEXPWM1_SUBMODULE1_DriverIRQHandler
                0x00000390                FLEXPWM0_SUBMODULE1_DriverIRQHandler
                0x00000390                LPTMR0_DriverIRQHandler
                0x00000390                ENC0_IDX_DriverIRQHandler
                0x00000390                I3C0_DriverIRQHandler
                0x00000390                FLEXPWM0_RELOAD_ERROR_DriverIRQHandler
                0x00000390                TRNG0_DriverIRQHandler
                0x00000390                SEC_VIO_DriverIRQHandler
                0x00000390                ERM_MULTI_BIT_ERROR_DriverIRQHandler
                0x00000390                GPIO31_DriverIRQHandler
                0x00000390                EWM0_DriverIRQHandler
                0x00000390                PKC_DriverIRQHandler
                0x00000390                USB1_HS_PHY_DriverIRQHandler
                0x00000390                ELS_DriverIRQHandler
                0x00000390                ETHERNET_DriverIRQHandler
                0x00000390                FLEXPWM1_SUBMODULE3_DriverIRQHandler
                0x00000390                DAC1_DriverIRQHandler
                0x00000390                EMVSIM0_DriverIRQHandler
                0x00000390                ITRC0_DriverIRQHandler
                0x00000390                ETB0_DriverIRQHandler
                0x00000390                Freqme_DriverIRQHandler
                0x00000390                Reserved80_DriverIRQHandler
                0x00000390                IntDefaultHandler
                0x00000390                ELS_ERR_DriverIRQHandler
                0x00000390                FLEXIO_DriverIRQHandler
                0x00000390                USB0_FS_DriverIRQHandler
                0x00000390                MRT0_DriverIRQHandler
                0x00000390                UTICK0_DriverIRQHandler
                0x00000390                FLEXPWM0_SUBMODULE2_DriverIRQHandler
                0x00000390                GPIO01_DriverIRQHandler
                0x00000390                WWDT0_DriverIRQHandler
                0x00000390                USDHC0_DriverIRQHandler
                0x00000390                GPIO00_DriverIRQHandler
                0x00000390                GPIO11_DriverIRQHandler
                0x00000390                BSP32_DriverIRQHandler
                0x00000390                FLEXPWM0_FAULT_DriverIRQHandler
                0x00000390                SAI1_DriverIRQHandler
                0x00000390                ERM_SINGLE_BIT_ERROR_DriverIRQHandler
                0x00000390                GPIO21_DriverIRQHandler
                0x00000390                FLEXPWM1_FAULT_DriverIRQHandler
                0x00000390                GPIO30_DriverIRQHandler
                0x00000390                WWDT1_DriverIRQHandler
                0x00000390                ADC1_DriverIRQHandler
                0x00000390                ENC0_HOME_DriverIRQHandler
                0x00000390                PQ_DriverIRQHandler
                0x00000390                ETHERNET_MACLP_DriverIRQHandler
                0x00000390                USB0_DCD_DriverIRQHandler
                0x00000390                MAILBOX_DriverIRQHandler
                0x00000390                WUU_DriverIRQHandler
                0x00000390                FLEXPWM1_SUBMODULE0_DriverIRQHandler
                0x00000390                SM3_DriverIRQHandler
                0x00000390                CDOG1_DriverIRQHandler
                0x00000390                TSI_OUT_OF_SCAN_DriverIRQHandler
                0x00000390                ENC0_WDG_SAB_DriverIRQHandler
                0x00000390                PUF_DriverIRQHandler
                0x00000390                SPC_DriverIRQHandler
                0x00000390                RTC_DriverIRQHandler
                0x00000390                VBAT0_DriverIRQHandler
                0x00000390                Reserved65_DriverIRQHandler
                0x00000390                HSCMP2_DriverIRQHandler
                0x00000390                PINT0_DriverIRQHandler
                0x00000390                PDM_EVENT_DriverIRQHandler
                0x00000390                DAC0_DriverIRQHandler
                0x00000390                ETHERNET_PMT_DriverIRQHandler
                0x00000390                FLEXPWM1_RELOAD_ERROR_DriverIRQHandler
                0x00000390                FMU0_DriverIRQHandler
                0x00000390                LPTMR1_DriverIRQHandler
                0x00000390                GPIO40_DriverIRQHandler
                0x00000390                CTI0_DriverIRQHandler
                0x00000390                FLEXPWM1_SUBMODULE2_DriverIRQHandler
                0x00000390                ENC1_HOME_DriverIRQHandler
                0x00000390                GPIO20_DriverIRQHandler
                0x00000390                GDET_DriverIRQHandler
                0x00000390                PORT_EFT_DriverIRQHandler
                0x00000390                Reserved85_DriverIRQHandler
                0x00000390                Reserved81_DriverIRQHandler
                0x00000390                TSI_END_OF_SCAN_DriverIRQHandler
                0x00000390                ENC1_IDX_DriverIRQHandler
                0x00000390                FLEXPWM0_SUBMODULE3_DriverIRQHandler
                0x00000390                ADC0_DriverIRQHandler
                0x00000390                OR_DriverIRQHandler
                0x00000390                USB1_HS_DriverIRQHandler
                0x00000390                DAC2_DriverIRQHandler
                0x00000390                GPIO51_DriverIRQHandler
                0x00000390                HSCMP0_DriverIRQHandler
                0x00000390                CDOG0_DriverIRQHandler
                0x00000390                CAN0_DriverIRQHandler
                0x00000390                SMARTDMA_DriverIRQHandler
                0x00000390                SAI0_DriverIRQHandler
                0x00000390                EMVSIM1_DriverIRQHandler
                0x00000390                I3C1_DriverIRQHandler
                0x00000390                ENC0_COMPARE_DriverIRQHandler
                0x00000390                HSCMP1_DriverIRQHandler
                0x00000390                FLEXSPI0_DriverIRQHandler
                0x00000390                GPIO50_DriverIRQHandler
                0x00000390                GPIO10_DriverIRQHandler
                0x00000390                SCT0_DriverIRQHandler
                0x00000390                CAN1_DriverIRQHandler
                0x00000390                ENC1_COMPARE_DriverIRQHandler
                0x00000390                PLU_DriverIRQHandler
                0x00000390                FLEXPWM0_SUBMODULE0_DriverIRQHandler
                0x00000390                OS_EVENT_DriverIRQHandler
                0x00000390                ENC1_WDG_SAB_DriverIRQHandler
                0x00000390                SINC_FILTER_DriverIRQHandler
                0x00000390                NPU_DriverIRQHandler
                0x00000390                GPIO41_DriverIRQHandler
                0x00000390                SEC_HYPERVISOR_CALL_DriverIRQHandler
 *(SORT_BY_ALIGNMENT(.text*))
 *fill*         0x00000392        0x2 ff
 .text.__assertion_failed
                0x00000394       0x18 ./utilities/fsl_assert.o
                0x00000394                __assertion_failed
 .text.DbgConsole_Init
                0x000003ac       0x88 ./utilities/fsl_debug_console.o
                0x000003ac                DbgConsole_Init
 .text.DbgConsole_Vprintf
                0x00000434       0x3c ./utilities/fsl_debug_console.o
                0x00000434                DbgConsole_Vprintf
 .text.DbgConsole_Putchar
                0x00000470       0x30 ./utilities/fsl_debug_console.o
                0x00000470                DbgConsole_Putchar
 .text.DbgConsole_PrintfFormattedData
                0x000004a0      0x3e0 ./utilities/fsl_debug_console.o
 .text.EDMA_SetChannelMux
                0x00000880       0x3c ./source/lpuart_edma_transfer.o
 .text.ctimer_match0_callback
                0x000008bc       0x38 ./source/lpuart_edma_transfer.o
                0x000008bc                ctimer_match0_callback
 .text.data_process
                0x000008f4      0x14c ./source/lpuart_edma_transfer.o
                0x000008f4                data_process
 .text.LPUART_UserCallback
                0x00000a40       0x6c ./source/lpuart_edma_transfer.o
                0x00000a40                LPUART_UserCallback
 .text.pwm1_init
                0x00000aac       0xb4 ./source/lpuart_edma_transfer.o
                0x00000aac                pwm1_init
 .text.pwm2_init
                0x00000b60       0xb4 ./source/lpuart_edma_transfer.o
                0x00000b60                pwm2_init
 .text.update_pwm_duty_cycle
                0x00000c14       0xd4 ./source/lpuart_edma_transfer.o
                0x00000c14                update_pwm_duty_cycle
 .text.timer_init
                0x00000ce8       0xe8 ./source/lpuart_edma_transfer.o
                0x00000ce8                timer_init
 .text.main     0x00000dd0      0x1dc ./source/lpuart_edma_transfer.o
                0x00000dd0                main
 .text.CLOCK_IsPLL0Locked
                0x00000fac       0x28 ./drivers/fsl_clock.o
 .text.CLOCK_IsPLL1Locked
                0x00000fd4       0x28 ./drivers/fsl_clock.o
 .text.CLOCK_SetupFROHFClocking
                0x00000ffc       0x9c ./drivers/fsl_clock.o
                0x00000ffc                CLOCK_SetupFROHFClocking
 .text.CLOCK_SetPll0MonitorMode
                0x00001098       0x38 ./drivers/fsl_clock.o
                0x00001098                CLOCK_SetPll0MonitorMode
 .text.CLOCK_SetFLASHAccessCyclesForFreq
                0x000010d0       0xec ./drivers/fsl_clock.o
                0x000010d0                CLOCK_SetFLASHAccessCyclesForFreq
 .text.CLOCK_AttachClk
                0x000011bc       0xb0 ./drivers/fsl_clock.o
                0x000011bc                CLOCK_AttachClk
 .text.CLOCK_SetClkDiv
                0x0000126c       0x54 ./drivers/fsl_clock.o
                0x0000126c                CLOCK_SetClkDiv
 .text.CLOCK_GetCTimerClkFreq
                0x000012c0       0xfc ./drivers/fsl_clock.o
                0x000012c0                CLOCK_GetCTimerClkFreq
 .text.CLOCK_GetLPFlexCommClkFreq
                0x000013bc       0xa0 ./drivers/fsl_clock.o
                0x000013bc                CLOCK_GetLPFlexCommClkFreq
 .text.CLOCK_GetSaiMclkFreq
                0x0000145c       0x20 ./drivers/fsl_clock.o
                0x0000145c                CLOCK_GetSaiMclkFreq
 .text.CLOCK_GetSaiTxBclkFreq
                0x0000147c       0x20 ./drivers/fsl_clock.o
                0x0000147c                CLOCK_GetSaiTxBclkFreq
 .text.CLOCK_GetSaiRxBclkFreq
                0x0000149c       0x20 ./drivers/fsl_clock.o
                0x0000149c                CLOCK_GetSaiRxBclkFreq
 .text.CLOCK_GetPLL0InClockRate
                0x000014bc       0x58 ./drivers/fsl_clock.o
                0x000014bc                CLOCK_GetPLL0InClockRate
 .text.CLOCK_GetPLL1InClockRate
                0x00001514       0x58 ./drivers/fsl_clock.o
                0x00001514                CLOCK_GetPLL1InClockRate
 .text.CLOCK_SetPLL0Freq
                0x0000156c      0x10c ./drivers/fsl_clock.o
                0x0000156c                CLOCK_SetPLL0Freq
 .text.CLOCK_GetFro12MFreq
                0x00001678       0x2c ./drivers/fsl_clock.o
 .text.CLOCK_GetClk1MFreq
                0x000016a4       0x14 ./drivers/fsl_clock.o
 .text.CLOCK_GetFroHfFreq
                0x000016b8       0x4c ./drivers/fsl_clock.o
 .text.CLOCK_GetClk48MFreq
                0x00001704       0x2c ./drivers/fsl_clock.o
 .text.CLOCK_GetClk16KFreq
                0x00001730       0x44 ./drivers/fsl_clock.o
 .text.CLOCK_GetExtClkFreq
                0x00001774       0x2c ./drivers/fsl_clock.o
 .text.CLOCK_GetOsc32KFreq
                0x000017a0       0x4c ./drivers/fsl_clock.o
 .text.CLOCK_GetLposcFreq
                0x000017ec       0x48 ./drivers/fsl_clock.o
 .text.findPll0PreDiv
                0x00001834       0x40 ./drivers/fsl_clock.o
 .text.findPll1PreDiv
                0x00001874       0x40 ./drivers/fsl_clock.o
 .text.findPll0PostDiv
                0x000018b4       0x60 ./drivers/fsl_clock.o
 .text.findPll1PostDiv
                0x00001914       0x60 ./drivers/fsl_clock.o
 .text.findPll0MMult
                0x00001974       0xac ./drivers/fsl_clock.o
 .text.findPll1MMult
                0x00001a20       0xac ./drivers/fsl_clock.o
 .text.__NVIC_EnableIRQ
                0x00001acc       0x3c ./drivers/fsl_ctimer.o
 .text.CTIMER_GetInstance
                0x00001b08       0x54 ./drivers/fsl_ctimer.o
 .text.CTIMER_Init
                0x00001b5c       0x74 ./drivers/fsl_ctimer.o
                0x00001b5c                CTIMER_Init
 .text.CTIMER_GetDefaultConfig
                0x00001bd0       0x3c ./drivers/fsl_ctimer.o
                0x00001bd0                CTIMER_GetDefaultConfig
 .text.CTIMER_SetupPwmPeriod
                0x00001c0c       0xd8 ./drivers/fsl_ctimer.o
                0x00001c0c                CTIMER_SetupPwmPeriod
 .text.CTIMER_UpdatePwmDutycycle
                0x00001ce4       0x6c ./drivers/fsl_ctimer.o
                0x00001ce4                CTIMER_UpdatePwmDutycycle
 .text.CTIMER_SetupMatch
                0x00001d50      0x11c ./drivers/fsl_ctimer.o
                0x00001d50                CTIMER_SetupMatch
 .text.CTIMER_RegisterCallBack
                0x00001e6c       0x3c ./drivers/fsl_ctimer.o
                0x00001e6c                CTIMER_RegisterCallBack
 .text.CTIMER_GenericIRQHandler
                0x00001ea8       0xb4 ./drivers/fsl_ctimer.o
 .text.__NVIC_EnableIRQ
                0x00001f5c       0x3c ./drivers/fsl_edma.o
 .text.EDMA_SetChannelMux
                0x00001f98       0x3c ./drivers/fsl_edma.o
 .text.EDMA_EnableChannelMasterIDReplication
                0x00001fd4       0x70 ./drivers/fsl_edma.o
 .text.EDMA_SetChannelSecurityLevel
                0x00002044       0x70 ./drivers/fsl_edma.o
 .text.EDMA_SetChannelProtectionLevel
                0x000020b4       0x70 ./drivers/fsl_edma.o
 .text.EDMA_GetInstance
                0x00002124       0x4c ./drivers/fsl_edma.o
 .text.EDMA_InstallTCD
                0x00002170       0xe0 ./drivers/fsl_edma.o
                0x00002170                EDMA_InstallTCD
 .text.EDMA_Init
                0x00002250       0xc4 ./drivers/fsl_edma.o
                0x00002250                EDMA_Init
 .text.EDMA_InitChannel
                0x00002314       0x70 ./drivers/fsl_edma.o
                0x00002314                EDMA_InitChannel
 .text.EDMA_GetDefaultConfig
                0x00002384       0x48 ./drivers/fsl_edma.o
                0x00002384                EDMA_GetDefaultConfig
 .text.EDMA_SetChannelPreemptionConfig
                0x000023cc       0x6c ./drivers/fsl_edma.o
                0x000023cc                EDMA_SetChannelPreemptionConfig
 .text.EDMA_TcdReset
                0x00002438       0x78 ./drivers/fsl_edma.o
                0x00002438                EDMA_TcdReset
 .text.EDMA_TcdSetTransferConfig
                0x000024b0       0x74 ./drivers/fsl_edma.o
                0x000024b0                EDMA_TcdSetTransferConfig
 .text.EDMA_ConfigChannelSoftwareTCD
                0x00002524      0x3a0 ./drivers/fsl_edma.o
                0x00002524                EDMA_ConfigChannelSoftwareTCD
 .text.EDMA_GetRemainingMajorLoopCount
                0x000028c4       0x88 ./drivers/fsl_edma.o
                0x000028c4                EDMA_GetRemainingMajorLoopCount
 .text.EDMA_CreateHandle
                0x0000294c       0xec ./drivers/fsl_edma.o
                0x0000294c                EDMA_CreateHandle
 .text.EDMA_SetCallback
                0x00002a38       0x30 ./drivers/fsl_edma.o
                0x00002a38                EDMA_SetCallback
 .text.EDMA_TransferWidthMapping
                0x00002a68       0xf0 ./drivers/fsl_edma.o
 .text.EDMA_PrepareTransferConfig
                0x00002b58      0x13c ./drivers/fsl_edma.o
                0x00002b58                EDMA_PrepareTransferConfig
 .text.EDMA_PrepareTransfer
                0x00002c94       0xa4 ./drivers/fsl_edma.o
                0x00002c94                EDMA_PrepareTransfer
 .text.EDMA_SubmitTransfer
                0x00002d38      0x26c ./drivers/fsl_edma.o
                0x00002d38                EDMA_SubmitTransfer
 .text.EDMA_StartTransfer
                0x00002fa4       0x98 ./drivers/fsl_edma.o
                0x00002fa4                EDMA_StartTransfer
 .text.EDMA_StopTransfer
                0x0000303c       0x34 ./drivers/fsl_edma.o
                0x0000303c                EDMA_StopTransfer
 .text.EDMA_HandleIRQ
                0x00003070      0x1a4 ./drivers/fsl_edma.o
                0x00003070                EDMA_HandleIRQ
 .text.EDMA_DriverIRQHandler
                0x00003214       0x4c ./drivers/fsl_edma.o
                0x00003214                EDMA_DriverIRQHandler
 .text.LP_FLEXCOMM_GetInterruptStatus
                0x00003260       0x28 ./drivers/fsl_lpflexcomm.o
                0x00003260                LP_FLEXCOMM_GetInterruptStatus
 .text.LP_FLEXCOMM_SetPeriph
                0x00003288       0x94 ./drivers/fsl_lpflexcomm.o
 .text.LP_FLEXCOMM_Init
                0x0000331c       0x58 ./drivers/fsl_lpflexcomm.o
                0x0000331c                LP_FLEXCOMM_Init
 .text.LP_FLEXCOMM_SetIRQHandler
                0x00003374       0x70 ./drivers/fsl_lpflexcomm.o
                0x00003374                LP_FLEXCOMM_SetIRQHandler
 .text.LP_FLEXCOMM_CommonIRQHandler
                0x000033e4       0xb8 ./drivers/fsl_lpflexcomm.o
 .text.LPUART_GetInstance
                0x0000349c       0x4c ./drivers/fsl_lpuart.o
                0x0000349c                LPUART_GetInstance
 .text.LPUART_Init
                0x000034e8      0x3c4 ./drivers/fsl_lpuart.o
                0x000034e8                LPUART_Init
 .text.LPUART_GetDefaultConfig
                0x000038ac       0x8c ./drivers/fsl_lpuart.o
                0x000038ac                LPUART_GetDefaultConfig
 .text.LPUART_EnableInterrupts
                0x00003938       0xa4 ./drivers/fsl_lpuart.o
                0x00003938                LPUART_EnableInterrupts
 .text.LPUART_DisableInterrupts
                0x000039dc       0xb0 ./drivers/fsl_lpuart.o
                0x000039dc                LPUART_DisableInterrupts
 .text.LPUART_GetStatusFlags
                0x00003a8c       0x60 ./drivers/fsl_lpuart.o
                0x00003a8c                LPUART_GetStatusFlags
 .text.LPUART_ClearStatusFlags
                0x00003aec       0x94 ./drivers/fsl_lpuart.o
                0x00003aec                LPUART_ClearStatusFlags
 .text.LPUART_WriteBlocking
                0x00003b80       0x68 ./drivers/fsl_lpuart.o
                0x00003b80                LPUART_WriteBlocking
 .text.LPUART_ReadBlocking
                0x00003be8      0x160 ./drivers/fsl_lpuart.o
                0x00003be8                LPUART_ReadBlocking
 .text.__NVIC_EnableIRQ
                0x00003d48       0x3c ./drivers/fsl_lpuart_edma.o
 .text.LPUART_SendEDMACallback
                0x00003d84       0x54 ./drivers/fsl_lpuart_edma.o
 .text.LPUART_ReceiveEDMACallback
                0x00003dd8       0x68 ./drivers/fsl_lpuart_edma.o
 .text.LPUART_TransferCreateHandleEDMA
                0x00003e40       0xf8 ./drivers/fsl_lpuart_edma.o
                0x00003e40                LPUART_TransferCreateHandleEDMA
 .text.LPUART_ReceiveEDMA
                0x00003f38       0xf0 ./drivers/fsl_lpuart_edma.o
                0x00003f38                LPUART_ReceiveEDMA
 .text.LPUART_TransferAbortReceiveEDMA
                0x00004028       0x4c ./drivers/fsl_lpuart_edma.o
                0x00004028                LPUART_TransferAbortReceiveEDMA
 .text.LPUART_TransferGetReceiveCountEDMA
                0x00004074       0x80 ./drivers/fsl_lpuart_edma.o
                0x00004074                LPUART_TransferGetReceiveCountEDMA
 .text.LPUART_TransferEdmaHandleIRQ
                0x000040f4       0x80 ./drivers/fsl_lpuart_edma.o
                0x000040f4                LPUART_TransferEdmaHandleIRQ
 .text.RESET_SetPeripheralReset
                0x00004174       0x64 ./drivers/fsl_reset.o
                0x00004174                RESET_SetPeripheralReset
 .text.RESET_ClearPeripheralReset
                0x000041d8       0x64 ./drivers/fsl_reset.o
                0x000041d8                RESET_ClearPeripheralReset
 .text.SPC_SetSRAMOperateVoltage
                0x0000423c       0x64 ./drivers/fsl_spc.o
                0x0000423c                SPC_SetSRAMOperateVoltage
 .text.SPC_SetActiveModeDCDCRegulatorConfig
                0x000042a0       0x68 ./drivers/fsl_spc.o
                0x000042a0                SPC_SetActiveModeDCDCRegulatorConfig
 .text.SystemInit
                0x00004308       0x6c ./device/system_MCXN947_cm33_core0.o
                0x00004308                SystemInit
 .text.HAL_UartInitCommon
                0x00004374       0xe4 ./component/uart/fsl_adapter_lpuart.o
 .text.HAL_UartInit
                0x00004458       0x84 ./component/uart/fsl_adapter_lpuart.o
                0x00004458                HAL_UartInit
 .text.HAL_UartReceiveBlocking
                0x000044dc       0x6c ./component/uart/fsl_adapter_lpuart.o
                0x000044dc                HAL_UartReceiveBlocking
 .text.HAL_UartSendBlocking
                0x00004548       0x64 ./component/uart/fsl_adapter_lpuart.o
                0x00004548                HAL_UartSendBlocking
 .text.BOARD_InitDebugConsole
                0x000045ac       0x38 ./board/board.o
                0x000045ac                BOARD_InitDebugConsole
 .text.BOARD_PowerMode_OD
                0x000045e4       0x3c ./board/board.o
                0x000045e4                BOARD_PowerMode_OD
 .text.BOARD_BootClockPLL150M
                0x00004620       0x88 ./board/clock_config.o
                0x00004620                BOARD_BootClockPLL150M
 .text.PORT_SetPinConfig
                0x000046a8       0x38 ./board/pin_mux.o
 .text.BOARD_InitPins
                0x000046e0       0xfc ./board/pin_mux.o
                0x000046e0                BOARD_InitPins
 .text._initio  0x000047dc       0x78 D:/Software/MCUXpressoIDE/system/MCUXpressoIDE_25.6.136/ide/plugins/com.nxp.mcuxpresso.tools.win32_25.6.0.202501151204/tools/bin/../lib/gcc/arm-none-eabi/14.2.1/../../../../arm-none-eabi/lib/thumb/v8-m.main+fp/hard\libcr_c.a(initio.o)
                0x000047dc                _initio
 .text._Cwritebuf
                0x00004854       0x70 D:/Software/MCUXpressoIDE/system/MCUXpressoIDE_25.6.136/ide/plugins/com.nxp.mcuxpresso.tools.win32_25.6.0.202501151204/tools/bin/../lib/gcc/arm-none-eabi/14.2.1/../../../../arm-none-eabi/lib/thumb/v8-m.main+fp/hard\libcr_c.a(_writebuf.o)
                0x00004854                _Cwritebuf
 .text.fflush   0x000048c4       0x3c D:/Software/MCUXpressoIDE/system/MCUXpressoIDE_25.6.136/ide/plugins/com.nxp.mcuxpresso.tools.win32_25.6.0.202501151204/tools/bin/../lib/gcc/arm-none-eabi/14.2.1/../../../../arm-none-eabi/lib/thumb/v8-m.main+fp/hard\libcr_c.a(fflush.o)
                0x000048c4                fflush
 .text.fseek    0x00004900       0xf8 D:/Software/MCUXpressoIDE/system/MCUXpressoIDE_25.6.136/ide/plugins/com.nxp.mcuxpresso.tools.win32_25.6.0.202501151204/tools/bin/../lib/gcc/arm-none-eabi/14.2.1/../../../../arm-none-eabi/lib/thumb/v8-m.main+fp/hard\libcr_c.a(fseek.o)
                0x00004900                fseek
 .text.ftell    0x000049f8       0x44 D:/Software/MCUXpressoIDE/system/MCUXpressoIDE_25.6.136/ide/plugins/com.nxp.mcuxpresso.tools.win32_25.6.0.202501151204/tools/bin/../lib/gcc/arm-none-eabi/14.2.1/../../../../arm-none-eabi/lib/thumb/v8-m.main+fp/hard\libcr_c.a(ftell.o)
                0x000049f8                ftell
 .text.DbgConsole_Printf
                0x00004a3c       0x2c ./utilities/fsl_debug_console.o
                0x00004a3c                DbgConsole_Printf
 .text.DbgConsole_PrintfPaddingCharacter
                0x00004a68       0x40 ./utilities/fsl_debug_console.o
 .text.DbgConsole_ConvertRadixNumToString
                0x00004aa8       0xc2 ./utilities/fsl_debug_console.o
 .text.OR_IRQHandler
                0x00004b6a        0x8 ./startup/startup_mcxn947_cm33_core0.o
                0x00004b6a                OR_IRQHandler
 .text.EDMA_0_CH0_IRQHandler
                0x00004b72        0x8 ./startup/startup_mcxn947_cm33_core0.o
                0x00004b72                EDMA_0_CH0_IRQHandler
 .text.EDMA_0_CH1_IRQHandler
                0x00004b7a        0x8 ./startup/startup_mcxn947_cm33_core0.o
                0x00004b7a                EDMA_0_CH1_IRQHandler
 .text.EDMA_0_CH2_IRQHandler
                0x00004b82        0x8 ./startup/startup_mcxn947_cm33_core0.o
                0x00004b82                EDMA_0_CH2_IRQHandler
 .text.EDMA_0_CH3_IRQHandler
                0x00004b8a        0x8 ./startup/startup_mcxn947_cm33_core0.o
                0x00004b8a                EDMA_0_CH3_IRQHandler
 .text.EDMA_0_CH4_IRQHandler
                0x00004b92        0x8 ./startup/startup_mcxn947_cm33_core0.o
                0x00004b92                EDMA_0_CH4_IRQHandler
 .text.EDMA_0_CH5_IRQHandler
                0x00004b9a        0x8 ./startup/startup_mcxn947_cm33_core0.o
                0x00004b9a                EDMA_0_CH5_IRQHandler
 .text.EDMA_0_CH6_IRQHandler
                0x00004ba2        0x8 ./startup/startup_mcxn947_cm33_core0.o
                0x00004ba2                EDMA_0_CH6_IRQHandler
 .text.EDMA_0_CH7_IRQHandler
                0x00004baa        0x8 ./startup/startup_mcxn947_cm33_core0.o
                0x00004baa                EDMA_0_CH7_IRQHandler
 .text.EDMA_0_CH8_IRQHandler
                0x00004bb2        0x8 ./startup/startup_mcxn947_cm33_core0.o
                0x00004bb2                EDMA_0_CH8_IRQHandler
 .text.EDMA_0_CH9_IRQHandler
                0x00004bba        0x8 ./startup/startup_mcxn947_cm33_core0.o
                0x00004bba                EDMA_0_CH9_IRQHandler
 .text.EDMA_0_CH10_IRQHandler
                0x00004bc2        0x8 ./startup/startup_mcxn947_cm33_core0.o
                0x00004bc2                EDMA_0_CH10_IRQHandler
 .text.EDMA_0_CH11_IRQHandler
                0x00004bca        0x8 ./startup/startup_mcxn947_cm33_core0.o
                0x00004bca                EDMA_0_CH11_IRQHandler
 .text.EDMA_0_CH12_IRQHandler
                0x00004bd2        0x8 ./startup/startup_mcxn947_cm33_core0.o
                0x00004bd2                EDMA_0_CH12_IRQHandler
 .text.EDMA_0_CH13_IRQHandler
                0x00004bda        0x8 ./startup/startup_mcxn947_cm33_core0.o
                0x00004bda                EDMA_0_CH13_IRQHandler
 .text.EDMA_0_CH14_IRQHandler
                0x00004be2        0x8 ./startup/startup_mcxn947_cm33_core0.o
                0x00004be2                EDMA_0_CH14_IRQHandler
 .text.EDMA_0_CH15_IRQHandler
                0x00004bea        0x8 ./startup/startup_mcxn947_cm33_core0.o
                0x00004bea                EDMA_0_CH15_IRQHandler
 .text.GPIO00_IRQHandler
                0x00004bf2        0x8 ./startup/startup_mcxn947_cm33_core0.o
                0x00004bf2                GPIO00_IRQHandler
 .text.GPIO01_IRQHandler
                0x00004bfa        0x8 ./startup/startup_mcxn947_cm33_core0.o
                0x00004bfa                GPIO01_IRQHandler
 .text.GPIO10_IRQHandler
                0x00004c02        0x8 ./startup/startup_mcxn947_cm33_core0.o
                0x00004c02                GPIO10_IRQHandler
 .text.GPIO11_IRQHandler
                0x00004c0a        0x8 ./startup/startup_mcxn947_cm33_core0.o
                0x00004c0a                GPIO11_IRQHandler
 .text.GPIO20_IRQHandler
                0x00004c12        0x8 ./startup/startup_mcxn947_cm33_core0.o
                0x00004c12                GPIO20_IRQHandler
 .text.GPIO21_IRQHandler
                0x00004c1a        0x8 ./startup/startup_mcxn947_cm33_core0.o
                0x00004c1a                GPIO21_IRQHandler
 .text.GPIO30_IRQHandler
                0x00004c22        0x8 ./startup/startup_mcxn947_cm33_core0.o
                0x00004c22                GPIO30_IRQHandler
 .text.GPIO31_IRQHandler
                0x00004c2a        0x8 ./startup/startup_mcxn947_cm33_core0.o
                0x00004c2a                GPIO31_IRQHandler
 .text.GPIO40_IRQHandler
                0x00004c32        0x8 ./startup/startup_mcxn947_cm33_core0.o
                0x00004c32                GPIO40_IRQHandler
 .text.GPIO41_IRQHandler
                0x00004c3a        0x8 ./startup/startup_mcxn947_cm33_core0.o
                0x00004c3a                GPIO41_IRQHandler
 .text.GPIO50_IRQHandler
                0x00004c42        0x8 ./startup/startup_mcxn947_cm33_core0.o
                0x00004c42                GPIO50_IRQHandler
 .text.GPIO51_IRQHandler
                0x00004c4a        0x8 ./startup/startup_mcxn947_cm33_core0.o
                0x00004c4a                GPIO51_IRQHandler
 .text.UTICK0_IRQHandler
                0x00004c52        0x8 ./startup/startup_mcxn947_cm33_core0.o
                0x00004c52                UTICK0_IRQHandler
 .text.MRT0_IRQHandler
                0x00004c5a        0x8 ./startup/startup_mcxn947_cm33_core0.o
                0x00004c5a                MRT0_IRQHandler
 .text.CTIMER0_IRQHandler
                0x00004c62        0x8 ./startup/startup_mcxn947_cm33_core0.o
                0x00004c62                CTIMER0_IRQHandler
 .text.CTIMER1_IRQHandler
                0x00004c6a        0x8 ./startup/startup_mcxn947_cm33_core0.o
                0x00004c6a                CTIMER1_IRQHandler
 .text.SCT0_IRQHandler
                0x00004c72        0x8 ./startup/startup_mcxn947_cm33_core0.o
                0x00004c72                SCT0_IRQHandler
 .text.CTIMER2_IRQHandler
                0x00004c7a        0x8 ./startup/startup_mcxn947_cm33_core0.o
                0x00004c7a                CTIMER2_IRQHandler
 .text.LP_FLEXCOMM0_IRQHandler
                0x00004c82        0x8 ./startup/startup_mcxn947_cm33_core0.o
                0x00004c82                LP_FLEXCOMM0_IRQHandler
 .text.LP_FLEXCOMM1_IRQHandler
                0x00004c8a        0x8 ./startup/startup_mcxn947_cm33_core0.o
                0x00004c8a                LP_FLEXCOMM1_IRQHandler
 .text.LP_FLEXCOMM2_IRQHandler
                0x00004c92        0x8 ./startup/startup_mcxn947_cm33_core0.o
                0x00004c92                LP_FLEXCOMM2_IRQHandler
 .text.LP_FLEXCOMM3_IRQHandler
                0x00004c9a        0x8 ./startup/startup_mcxn947_cm33_core0.o
                0x00004c9a                LP_FLEXCOMM3_IRQHandler
 .text.LP_FLEXCOMM4_IRQHandler
                0x00004ca2        0x8 ./startup/startup_mcxn947_cm33_core0.o
                0x00004ca2                LP_FLEXCOMM4_IRQHandler
 .text.LP_FLEXCOMM5_IRQHandler
                0x00004caa        0x8 ./startup/startup_mcxn947_cm33_core0.o
                0x00004caa                LP_FLEXCOMM5_IRQHandler
 .text.LP_FLEXCOMM6_IRQHandler
                0x00004cb2        0x8 ./startup/startup_mcxn947_cm33_core0.o
                0x00004cb2                LP_FLEXCOMM6_IRQHandler
 .text.LP_FLEXCOMM7_IRQHandler
                0x00004cba        0x8 ./startup/startup_mcxn947_cm33_core0.o
                0x00004cba                LP_FLEXCOMM7_IRQHandler
 .text.LP_FLEXCOMM8_IRQHandler
                0x00004cc2        0x8 ./startup/startup_mcxn947_cm33_core0.o
                0x00004cc2                LP_FLEXCOMM8_IRQHandler
 .text.LP_FLEXCOMM9_IRQHandler
                0x00004cca        0x8 ./startup/startup_mcxn947_cm33_core0.o
                0x00004cca                LP_FLEXCOMM9_IRQHandler
 .text.ADC0_IRQHandler
                0x00004cd2        0x8 ./startup/startup_mcxn947_cm33_core0.o
                0x00004cd2                ADC0_IRQHandler
 .text.ADC1_IRQHandler
                0x00004cda        0x8 ./startup/startup_mcxn947_cm33_core0.o
                0x00004cda                ADC1_IRQHandler
 .text.PINT0_IRQHandler
                0x00004ce2        0x8 ./startup/startup_mcxn947_cm33_core0.o
                0x00004ce2                PINT0_IRQHandler
 .text.PDM_EVENT_IRQHandler
                0x00004cea        0x8 ./startup/startup_mcxn947_cm33_core0.o
                0x00004cea                PDM_EVENT_IRQHandler
 .text.Reserved65_IRQHandler
                0x00004cf2        0x8 ./startup/startup_mcxn947_cm33_core0.o
                0x00004cf2                Reserved65_IRQHandler
 .text.USB0_FS_IRQHandler
                0x00004cfa        0x8 ./startup/startup_mcxn947_cm33_core0.o
                0x00004cfa                USB0_FS_IRQHandler
 .text.USB0_DCD_IRQHandler
                0x00004d02        0x8 ./startup/startup_mcxn947_cm33_core0.o
                0x00004d02                USB0_DCD_IRQHandler
 .text.RTC_IRQHandler
                0x00004d0a        0x8 ./startup/startup_mcxn947_cm33_core0.o
                0x00004d0a                RTC_IRQHandler
 .text.SMARTDMA_IRQHandler
                0x00004d12        0x8 ./startup/startup_mcxn947_cm33_core0.o
                0x00004d12                SMARTDMA_IRQHandler
 .text.MAILBOX_IRQHandler
                0x00004d1a        0x8 ./startup/startup_mcxn947_cm33_core0.o
                0x00004d1a                MAILBOX_IRQHandler
 .text.CTIMER3_IRQHandler
                0x00004d22        0x8 ./startup/startup_mcxn947_cm33_core0.o
                0x00004d22                CTIMER3_IRQHandler
 .text.CTIMER4_IRQHandler
                0x00004d2a        0x8 ./startup/startup_mcxn947_cm33_core0.o
                0x00004d2a                CTIMER4_IRQHandler
 .text.OS_EVENT_IRQHandler
                0x00004d32        0x8 ./startup/startup_mcxn947_cm33_core0.o
                0x00004d32                OS_EVENT_IRQHandler
 .text.FLEXSPI0_IRQHandler
                0x00004d3a        0x8 ./startup/startup_mcxn947_cm33_core0.o
                0x00004d3a                FLEXSPI0_IRQHandler
 .text.SAI0_IRQHandler
                0x00004d42        0x8 ./startup/startup_mcxn947_cm33_core0.o
                0x00004d42                SAI0_IRQHandler
 .text.SAI1_IRQHandler
                0x00004d4a        0x8 ./startup/startup_mcxn947_cm33_core0.o
                0x00004d4a                SAI1_IRQHandler
 .text.USDHC0_IRQHandler
                0x00004d52        0x8 ./startup/startup_mcxn947_cm33_core0.o
                0x00004d52                USDHC0_IRQHandler
 .text.CAN0_IRQHandler
                0x00004d5a        0x8 ./startup/startup_mcxn947_cm33_core0.o
                0x00004d5a                CAN0_IRQHandler
 .text.CAN1_IRQHandler
                0x00004d62        0x8 ./startup/startup_mcxn947_cm33_core0.o
                0x00004d62                CAN1_IRQHandler
 .text.Reserved80_IRQHandler
                0x00004d6a        0x8 ./startup/startup_mcxn947_cm33_core0.o
                0x00004d6a                Reserved80_IRQHandler
 .text.Reserved81_IRQHandler
                0x00004d72        0x8 ./startup/startup_mcxn947_cm33_core0.o
                0x00004d72                Reserved81_IRQHandler
 .text.USB1_HS_PHY_IRQHandler
                0x00004d7a        0x8 ./startup/startup_mcxn947_cm33_core0.o
                0x00004d7a                USB1_HS_PHY_IRQHandler
 .text.USB1_HS_IRQHandler
                0x00004d82        0x8 ./startup/startup_mcxn947_cm33_core0.o
                0x00004d82                USB1_HS_IRQHandler
 .text.SEC_HYPERVISOR_CALL_IRQHandler
                0x00004d8a        0x8 ./startup/startup_mcxn947_cm33_core0.o
                0x00004d8a                SEC_HYPERVISOR_CALL_IRQHandler
 .text.Reserved85_IRQHandler
                0x00004d92        0x8 ./startup/startup_mcxn947_cm33_core0.o
                0x00004d92                Reserved85_IRQHandler
 .text.PLU_IRQHandler
                0x00004d9a        0x8 ./startup/startup_mcxn947_cm33_core0.o
                0x00004d9a                PLU_IRQHandler
 .text.Freqme_IRQHandler
                0x00004da2        0x8 ./startup/startup_mcxn947_cm33_core0.o
                0x00004da2                Freqme_IRQHandler
 .text.SEC_VIO_IRQHandler
                0x00004daa        0x8 ./startup/startup_mcxn947_cm33_core0.o
                0x00004daa                SEC_VIO_IRQHandler
 .text.ELS_IRQHandler
                0x00004db2        0x8 ./startup/startup_mcxn947_cm33_core0.o
                0x00004db2                ELS_IRQHandler
 .text.PKC_IRQHandler
                0x00004dba        0x8 ./startup/startup_mcxn947_cm33_core0.o
                0x00004dba                PKC_IRQHandler
 .text.PUF_IRQHandler
                0x00004dc2        0x8 ./startup/startup_mcxn947_cm33_core0.o
                0x00004dc2                PUF_IRQHandler
 .text.PQ_IRQHandler
                0x00004dca        0x8 ./startup/startup_mcxn947_cm33_core0.o
                0x00004dca                PQ_IRQHandler
 .text.EDMA_1_CH0_IRQHandler
                0x00004dd2        0x8 ./startup/startup_mcxn947_cm33_core0.o
                0x00004dd2                EDMA_1_CH0_IRQHandler
 .text.EDMA_1_CH1_IRQHandler
                0x00004dda        0x8 ./startup/startup_mcxn947_cm33_core0.o
                0x00004dda                EDMA_1_CH1_IRQHandler
 .text.EDMA_1_CH2_IRQHandler
                0x00004de2        0x8 ./startup/startup_mcxn947_cm33_core0.o
                0x00004de2                EDMA_1_CH2_IRQHandler
 .text.EDMA_1_CH3_IRQHandler
                0x00004dea        0x8 ./startup/startup_mcxn947_cm33_core0.o
                0x00004dea                EDMA_1_CH3_IRQHandler
 .text.EDMA_1_CH4_IRQHandler
                0x00004df2        0x8 ./startup/startup_mcxn947_cm33_core0.o
                0x00004df2                EDMA_1_CH4_IRQHandler
 .text.EDMA_1_CH5_IRQHandler
                0x00004dfa        0x8 ./startup/startup_mcxn947_cm33_core0.o
                0x00004dfa                EDMA_1_CH5_IRQHandler
 .text.EDMA_1_CH6_IRQHandler
                0x00004e02        0x8 ./startup/startup_mcxn947_cm33_core0.o
                0x00004e02                EDMA_1_CH6_IRQHandler
 .text.EDMA_1_CH7_IRQHandler
                0x00004e0a        0x8 ./startup/startup_mcxn947_cm33_core0.o
                0x00004e0a                EDMA_1_CH7_IRQHandler
 .text.EDMA_1_CH8_IRQHandler
                0x00004e12        0x8 ./startup/startup_mcxn947_cm33_core0.o
                0x00004e12                EDMA_1_CH8_IRQHandler
 .text.EDMA_1_CH9_IRQHandler
                0x00004e1a        0x8 ./startup/startup_mcxn947_cm33_core0.o
                0x00004e1a                EDMA_1_CH9_IRQHandler
 .text.EDMA_1_CH10_IRQHandler
                0x00004e22        0x8 ./startup/startup_mcxn947_cm33_core0.o
                0x00004e22                EDMA_1_CH10_IRQHandler
 .text.EDMA_1_CH11_IRQHandler
                0x00004e2a        0x8 ./startup/startup_mcxn947_cm33_core0.o
                0x00004e2a                EDMA_1_CH11_IRQHandler
 .text.EDMA_1_CH12_IRQHandler
                0x00004e32        0x8 ./startup/startup_mcxn947_cm33_core0.o
                0x00004e32                EDMA_1_CH12_IRQHandler
 .text.EDMA_1_CH13_IRQHandler
                0x00004e3a        0x8 ./startup/startup_mcxn947_cm33_core0.o
                0x00004e3a                EDMA_1_CH13_IRQHandler
 .text.EDMA_1_CH14_IRQHandler
                0x00004e42        0x8 ./startup/startup_mcxn947_cm33_core0.o
                0x00004e42                EDMA_1_CH14_IRQHandler
 .text.EDMA_1_CH15_IRQHandler
                0x00004e4a        0x8 ./startup/startup_mcxn947_cm33_core0.o
                0x00004e4a                EDMA_1_CH15_IRQHandler
 .text.CDOG0_IRQHandler
                0x00004e52        0x8 ./startup/startup_mcxn947_cm33_core0.o
                0x00004e52                CDOG0_IRQHandler
 .text.CDOG1_IRQHandler
                0x00004e5a        0x8 ./startup/startup_mcxn947_cm33_core0.o
                0x00004e5a                CDOG1_IRQHandler
 .text.I3C0_IRQHandler
                0x00004e62        0x8 ./startup/startup_mcxn947_cm33_core0.o
                0x00004e62                I3C0_IRQHandler
 .text.I3C1_IRQHandler
                0x00004e6a        0x8 ./startup/startup_mcxn947_cm33_core0.o
                0x00004e6a                I3C1_IRQHandler
 .text.NPU_IRQHandler
                0x00004e72        0x8 ./startup/startup_mcxn947_cm33_core0.o
                0x00004e72                NPU_IRQHandler
 .text.GDET_IRQHandler
                0x00004e7a        0x8 ./startup/startup_mcxn947_cm33_core0.o
                0x00004e7a                GDET_IRQHandler
 .text.VBAT0_IRQHandler
                0x00004e82        0x8 ./startup/startup_mcxn947_cm33_core0.o
                0x00004e82                VBAT0_IRQHandler
 .text.EWM0_IRQHandler
                0x00004e8a        0x8 ./startup/startup_mcxn947_cm33_core0.o
                0x00004e8a                EWM0_IRQHandler
 .text.TSI_END_OF_SCAN_IRQHandler
                0x00004e92        0x8 ./startup/startup_mcxn947_cm33_core0.o
                0x00004e92                TSI_END_OF_SCAN_IRQHandler
 .text.TSI_OUT_OF_SCAN_IRQHandler
                0x00004e9a        0x8 ./startup/startup_mcxn947_cm33_core0.o
                0x00004e9a                TSI_OUT_OF_SCAN_IRQHandler
 .text.EMVSIM0_IRQHandler
                0x00004ea2        0x8 ./startup/startup_mcxn947_cm33_core0.o
                0x00004ea2                EMVSIM0_IRQHandler
 .text.EMVSIM1_IRQHandler
                0x00004eaa        0x8 ./startup/startup_mcxn947_cm33_core0.o
                0x00004eaa                EMVSIM1_IRQHandler
 .text.FLEXIO_IRQHandler
                0x00004eb2        0x8 ./startup/startup_mcxn947_cm33_core0.o
                0x00004eb2                FLEXIO_IRQHandler
 .text.DAC0_IRQHandler
                0x00004eba        0x8 ./startup/startup_mcxn947_cm33_core0.o
                0x00004eba                DAC0_IRQHandler
 .text.DAC1_IRQHandler
                0x00004ec2        0x8 ./startup/startup_mcxn947_cm33_core0.o
                0x00004ec2                DAC1_IRQHandler
 .text.DAC2_IRQHandler
                0x00004eca        0x8 ./startup/startup_mcxn947_cm33_core0.o
                0x00004eca                DAC2_IRQHandler
 .text.HSCMP0_IRQHandler
                0x00004ed2        0x8 ./startup/startup_mcxn947_cm33_core0.o
                0x00004ed2                HSCMP0_IRQHandler
 .text.HSCMP1_IRQHandler
                0x00004eda        0x8 ./startup/startup_mcxn947_cm33_core0.o
                0x00004eda                HSCMP1_IRQHandler
 .text.HSCMP2_IRQHandler
                0x00004ee2        0x8 ./startup/startup_mcxn947_cm33_core0.o
                0x00004ee2                HSCMP2_IRQHandler
 .text.FLEXPWM0_RELOAD_ERROR_IRQHandler
                0x00004eea        0x8 ./startup/startup_mcxn947_cm33_core0.o
                0x00004eea                FLEXPWM0_RELOAD_ERROR_IRQHandler
 .text.FLEXPWM0_FAULT_IRQHandler
                0x00004ef2        0x8 ./startup/startup_mcxn947_cm33_core0.o
                0x00004ef2                FLEXPWM0_FAULT_IRQHandler
 .text.FLEXPWM0_SUBMODULE0_IRQHandler
                0x00004efa        0x8 ./startup/startup_mcxn947_cm33_core0.o
                0x00004efa                FLEXPWM0_SUBMODULE0_IRQHandler
 .text.FLEXPWM0_SUBMODULE1_IRQHandler
                0x00004f02        0x8 ./startup/startup_mcxn947_cm33_core0.o
                0x00004f02                FLEXPWM0_SUBMODULE1_IRQHandler
 .text.FLEXPWM0_SUBMODULE2_IRQHandler
                0x00004f0a        0x8 ./startup/startup_mcxn947_cm33_core0.o
                0x00004f0a                FLEXPWM0_SUBMODULE2_IRQHandler
 .text.FLEXPWM0_SUBMODULE3_IRQHandler
                0x00004f12        0x8 ./startup/startup_mcxn947_cm33_core0.o
                0x00004f12                FLEXPWM0_SUBMODULE3_IRQHandler
 .text.FLEXPWM1_RELOAD_ERROR_IRQHandler
                0x00004f1a        0x8 ./startup/startup_mcxn947_cm33_core0.o
                0x00004f1a                FLEXPWM1_RELOAD_ERROR_IRQHandler
 .text.FLEXPWM1_FAULT_IRQHandler
                0x00004f22        0x8 ./startup/startup_mcxn947_cm33_core0.o
                0x00004f22                FLEXPWM1_FAULT_IRQHandler
 .text.FLEXPWM1_SUBMODULE0_IRQHandler
                0x00004f2a        0x8 ./startup/startup_mcxn947_cm33_core0.o
                0x00004f2a                FLEXPWM1_SUBMODULE0_IRQHandler
 .text.FLEXPWM1_SUBMODULE1_IRQHandler
                0x00004f32        0x8 ./startup/startup_mcxn947_cm33_core0.o
                0x00004f32                FLEXPWM1_SUBMODULE1_IRQHandler
 .text.FLEXPWM1_SUBMODULE2_IRQHandler
                0x00004f3a        0x8 ./startup/startup_mcxn947_cm33_core0.o
                0x00004f3a                FLEXPWM1_SUBMODULE2_IRQHandler
 .text.FLEXPWM1_SUBMODULE3_IRQHandler
                0x00004f42        0x8 ./startup/startup_mcxn947_cm33_core0.o
                0x00004f42                FLEXPWM1_SUBMODULE3_IRQHandler
 .text.ENC0_COMPARE_IRQHandler
                0x00004f4a        0x8 ./startup/startup_mcxn947_cm33_core0.o
                0x00004f4a                ENC0_COMPARE_IRQHandler
 .text.ENC0_HOME_IRQHandler
                0x00004f52        0x8 ./startup/startup_mcxn947_cm33_core0.o
                0x00004f52                ENC0_HOME_IRQHandler
 .text.ENC0_WDG_SAB_IRQHandler
                0x00004f5a        0x8 ./startup/startup_mcxn947_cm33_core0.o
                0x00004f5a                ENC0_WDG_SAB_IRQHandler
 .text.ENC0_IDX_IRQHandler
                0x00004f62        0x8 ./startup/startup_mcxn947_cm33_core0.o
                0x00004f62                ENC0_IDX_IRQHandler
 .text.ENC1_COMPARE_IRQHandler
                0x00004f6a        0x8 ./startup/startup_mcxn947_cm33_core0.o
                0x00004f6a                ENC1_COMPARE_IRQHandler
 .text.ENC1_HOME_IRQHandler
                0x00004f72        0x8 ./startup/startup_mcxn947_cm33_core0.o
                0x00004f72                ENC1_HOME_IRQHandler
 .text.ENC1_WDG_SAB_IRQHandler
                0x00004f7a        0x8 ./startup/startup_mcxn947_cm33_core0.o
                0x00004f7a                ENC1_WDG_SAB_IRQHandler
 .text.ENC1_IDX_IRQHandler
                0x00004f82        0x8 ./startup/startup_mcxn947_cm33_core0.o
                0x00004f82                ENC1_IDX_IRQHandler
 .text.ITRC0_IRQHandler
                0x00004f8a        0x8 ./startup/startup_mcxn947_cm33_core0.o
                0x00004f8a                ITRC0_IRQHandler
 .text.BSP32_IRQHandler
                0x00004f92        0x8 ./startup/startup_mcxn947_cm33_core0.o
                0x00004f92                BSP32_IRQHandler
 .text.ELS_ERR_IRQHandler
                0x00004f9a        0x8 ./startup/startup_mcxn947_cm33_core0.o
                0x00004f9a                ELS_ERR_IRQHandler
 .text.PKC_ERR_IRQHandler
                0x00004fa2        0x8 ./startup/startup_mcxn947_cm33_core0.o
                0x00004fa2                PKC_ERR_IRQHandler
 .text.ERM_SINGLE_BIT_ERROR_IRQHandler
                0x00004faa        0x8 ./startup/startup_mcxn947_cm33_core0.o
                0x00004faa                ERM_SINGLE_BIT_ERROR_IRQHandler
 .text.ERM_MULTI_BIT_ERROR_IRQHandler
                0x00004fb2        0x8 ./startup/startup_mcxn947_cm33_core0.o
                0x00004fb2                ERM_MULTI_BIT_ERROR_IRQHandler
 .text.FMU0_IRQHandler
                0x00004fba        0x8 ./startup/startup_mcxn947_cm33_core0.o
                0x00004fba                FMU0_IRQHandler
 .text.ETHERNET_IRQHandler
                0x00004fc2        0x8 ./startup/startup_mcxn947_cm33_core0.o
                0x00004fc2                ETHERNET_IRQHandler
 .text.ETHERNET_PMT_IRQHandler
                0x00004fca        0x8 ./startup/startup_mcxn947_cm33_core0.o
                0x00004fca                ETHERNET_PMT_IRQHandler
 .text.ETHERNET_MACLP_IRQHandler
                0x00004fd2        0x8 ./startup/startup_mcxn947_cm33_core0.o
                0x00004fd2                ETHERNET_MACLP_IRQHandler
 .text.SINC_FILTER_IRQHandler
                0x00004fda        0x8 ./startup/startup_mcxn947_cm33_core0.o
                0x00004fda                SINC_FILTER_IRQHandler
 .text.LPTMR0_IRQHandler
                0x00004fe2        0x8 ./startup/startup_mcxn947_cm33_core0.o
                0x00004fe2                LPTMR0_IRQHandler
 .text.LPTMR1_IRQHandler
                0x00004fea        0x8 ./startup/startup_mcxn947_cm33_core0.o
                0x00004fea                LPTMR1_IRQHandler
 .text.SCG_IRQHandler
                0x00004ff2        0x8 ./startup/startup_mcxn947_cm33_core0.o
                0x00004ff2                SCG_IRQHandler
 .text.SPC_IRQHandler
                0x00004ffa        0x8 ./startup/startup_mcxn947_cm33_core0.o
                0x00004ffa                SPC_IRQHandler
 .text.WUU_IRQHandler
                0x00005002        0x8 ./startup/startup_mcxn947_cm33_core0.o
                0x00005002                WUU_IRQHandler
 .text.PORT_EFT_IRQHandler
                0x0000500a        0x8 ./startup/startup_mcxn947_cm33_core0.o
                0x0000500a                PORT_EFT_IRQHandler
 .text.ETB0_IRQHandler
                0x00005012        0x8 ./startup/startup_mcxn947_cm33_core0.o
                0x00005012                ETB0_IRQHandler
 .text.SM3_IRQHandler
                0x0000501a        0x8 ./startup/startup_mcxn947_cm33_core0.o
                0x0000501a                SM3_IRQHandler
 .text.TRNG0_IRQHandler
                0x00005022        0x8 ./startup/startup_mcxn947_cm33_core0.o
                0x00005022                TRNG0_IRQHandler
 .text.WWDT0_IRQHandler
                0x0000502a        0x8 ./startup/startup_mcxn947_cm33_core0.o
                0x0000502a                WWDT0_IRQHandler
 .text.WWDT1_IRQHandler
                0x00005032        0x8 ./startup/startup_mcxn947_cm33_core0.o
                0x00005032                WWDT1_IRQHandler
 .text.CMC0_IRQHandler
                0x0000503a        0x8 ./startup/startup_mcxn947_cm33_core0.o
                0x0000503a                CMC0_IRQHandler
 .text.CTI0_IRQHandler
                0x00005042        0x8 ./startup/startup_mcxn947_cm33_core0.o
                0x00005042                CTI0_IRQHandler
 .text.CLOCK_EnableClock
                0x0000504a       0x38 ./source/lpuart_edma_transfer.o
 .text.GPIO_PinWrite
                0x00005082       0x36 ./source/lpuart_edma_transfer.o
 .text.GPIO_PortSet
                0x000050b8       0x1c ./source/lpuart_edma_transfer.o
 .text.GPIO_PortClear
                0x000050d4       0x1c ./source/lpuart_edma_transfer.o
 .text.CTIMER_StartTimer
                0x000050f0       0x20 ./source/lpuart_edma_transfer.o
 .text.CTIMER_StopTimer
                0x00005110       0x20 ./source/lpuart_edma_transfer.o
 .text.HardFault_Handler
                0x00005130       0x36 ./source/semihost_hardfault.o
                0x00005130                HardFault_Handler
 .text.CLOCK_GetPll0OutFreq
                0x00005166       0x82 ./drivers/fsl_clock.o
                0x00005166                CLOCK_GetPll0OutFreq
 .text.CLOCK_GetPll1OutFreq
                0x000051e8       0x82 ./drivers/fsl_clock.o
                0x000051e8                CLOCK_GetPll1OutFreq
 .text.CLOCK_GetPllClkDivFreq
                0x0000526a       0x5e ./drivers/fsl_clock.o
                0x0000526a                CLOCK_GetPllClkDivFreq
 .text.CLOCK_EnableClock
                0x000052c8       0x38 ./drivers/fsl_ctimer.o
 .text.EnableIRQ
                0x00005300       0x32 ./drivers/fsl_ctimer.o
 .text.CTIMER_GetStatusFlags
                0x00005332       0x18 ./drivers/fsl_ctimer.o
 .text.CTIMER_ClearStatusFlags
                0x0000534a       0x1c ./drivers/fsl_ctimer.o
 .text.CTIMER_GetOutputMatchStatus
                0x00005366       0x1e ./drivers/fsl_ctimer.o
                0x00005366                CTIMER_GetOutputMatchStatus
 .text.CTIMER0_DriverIRQHandler
                0x00005384        0xe ./drivers/fsl_ctimer.o
                0x00005384                CTIMER0_DriverIRQHandler
 .text.CTIMER1_DriverIRQHandler
                0x00005392        0xe ./drivers/fsl_ctimer.o
                0x00005392                CTIMER1_DriverIRQHandler
 .text.CTIMER2_DriverIRQHandler
                0x000053a0        0xe ./drivers/fsl_ctimer.o
                0x000053a0                CTIMER2_DriverIRQHandler
 .text.CTIMER3_DriverIRQHandler
                0x000053ae        0xe ./drivers/fsl_ctimer.o
                0x000053ae                CTIMER3_DriverIRQHandler
 .text.CTIMER4_DriverIRQHandler
                0x000053bc        0xe ./drivers/fsl_ctimer.o
                0x000053bc                CTIMER4_DriverIRQHandler
 .text.CLOCK_EnableClock
                0x000053ca       0x38 ./drivers/fsl_edma.o
 .text.EnableIRQ
                0x00005402       0x32 ./drivers/fsl_edma.o
 .text.DisableGlobalIRQ
                0x00005434       0x22 ./drivers/fsl_edma.o
 .text.EnableGlobalIRQ
                0x00005456       0x20 ./drivers/fsl_edma.o
 .text.EDMA_AbortTransfer
                0x00005476       0x3a ./drivers/fsl_edma.o
                0x00005476                EDMA_AbortTransfer
 .text.EDMA_0_CH0_DriverIRQHandler
                0x000054b0       0x10 ./drivers/fsl_edma_soc.o
                0x000054b0                EDMA_0_CH0_DriverIRQHandler
 .text.EDMA_0_CH1_DriverIRQHandler
                0x000054c0       0x10 ./drivers/fsl_edma_soc.o
                0x000054c0                EDMA_0_CH1_DriverIRQHandler
 .text.EDMA_0_CH2_DriverIRQHandler
                0x000054d0       0x10 ./drivers/fsl_edma_soc.o
                0x000054d0                EDMA_0_CH2_DriverIRQHandler
 .text.EDMA_0_CH3_DriverIRQHandler
                0x000054e0       0x10 ./drivers/fsl_edma_soc.o
                0x000054e0                EDMA_0_CH3_DriverIRQHandler
 .text.EDMA_0_CH4_DriverIRQHandler
                0x000054f0       0x10 ./drivers/fsl_edma_soc.o
                0x000054f0                EDMA_0_CH4_DriverIRQHandler
 .text.EDMA_0_CH5_DriverIRQHandler
                0x00005500       0x10 ./drivers/fsl_edma_soc.o
                0x00005500                EDMA_0_CH5_DriverIRQHandler
 .text.EDMA_0_CH6_DriverIRQHandler
                0x00005510       0x10 ./drivers/fsl_edma_soc.o
                0x00005510                EDMA_0_CH6_DriverIRQHandler
 .text.EDMA_0_CH7_DriverIRQHandler
                0x00005520       0x10 ./drivers/fsl_edma_soc.o
                0x00005520                EDMA_0_CH7_DriverIRQHandler
 .text.EDMA_0_CH8_DriverIRQHandler
                0x00005530       0x10 ./drivers/fsl_edma_soc.o
                0x00005530                EDMA_0_CH8_DriverIRQHandler
 .text.EDMA_0_CH9_DriverIRQHandler
                0x00005540       0x10 ./drivers/fsl_edma_soc.o
                0x00005540                EDMA_0_CH9_DriverIRQHandler
 .text.EDMA_0_CH10_DriverIRQHandler
                0x00005550       0x10 ./drivers/fsl_edma_soc.o
                0x00005550                EDMA_0_CH10_DriverIRQHandler
 .text.EDMA_0_CH11_DriverIRQHandler
                0x00005560       0x10 ./drivers/fsl_edma_soc.o
                0x00005560                EDMA_0_CH11_DriverIRQHandler
 .text.EDMA_0_CH12_DriverIRQHandler
                0x00005570       0x10 ./drivers/fsl_edma_soc.o
                0x00005570                EDMA_0_CH12_DriverIRQHandler
 .text.EDMA_0_CH13_DriverIRQHandler
                0x00005580       0x10 ./drivers/fsl_edma_soc.o
                0x00005580                EDMA_0_CH13_DriverIRQHandler
 .text.EDMA_0_CH14_DriverIRQHandler
                0x00005590       0x10 ./drivers/fsl_edma_soc.o
                0x00005590                EDMA_0_CH14_DriverIRQHandler
 .text.EDMA_0_CH15_DriverIRQHandler
                0x000055a0       0x10 ./drivers/fsl_edma_soc.o
                0x000055a0                EDMA_0_CH15_DriverIRQHandler
 .text.EDMA_1_CH0_DriverIRQHandler
                0x000055b0       0x10 ./drivers/fsl_edma_soc.o
                0x000055b0                EDMA_1_CH0_DriverIRQHandler
 .text.EDMA_1_CH1_DriverIRQHandler
                0x000055c0       0x10 ./drivers/fsl_edma_soc.o
                0x000055c0                EDMA_1_CH1_DriverIRQHandler
 .text.EDMA_1_CH2_DriverIRQHandler
                0x000055d0       0x10 ./drivers/fsl_edma_soc.o
                0x000055d0                EDMA_1_CH2_DriverIRQHandler
 .text.EDMA_1_CH3_DriverIRQHandler
                0x000055e0       0x10 ./drivers/fsl_edma_soc.o
                0x000055e0                EDMA_1_CH3_DriverIRQHandler
 .text.EDMA_1_CH4_DriverIRQHandler
                0x000055f0       0x10 ./drivers/fsl_edma_soc.o
                0x000055f0                EDMA_1_CH4_DriverIRQHandler
 .text.EDMA_1_CH5_DriverIRQHandler
                0x00005600       0x10 ./drivers/fsl_edma_soc.o
                0x00005600                EDMA_1_CH5_DriverIRQHandler
 .text.EDMA_1_CH6_DriverIRQHandler
                0x00005610       0x10 ./drivers/fsl_edma_soc.o
                0x00005610                EDMA_1_CH6_DriverIRQHandler
 .text.EDMA_1_CH7_DriverIRQHandler
                0x00005620       0x10 ./drivers/fsl_edma_soc.o
                0x00005620                EDMA_1_CH7_DriverIRQHandler
 .text.EDMA_1_CH8_DriverIRQHandler
                0x00005630       0x10 ./drivers/fsl_edma_soc.o
                0x00005630                EDMA_1_CH8_DriverIRQHandler
 .text.EDMA_1_CH9_DriverIRQHandler
                0x00005640       0x10 ./drivers/fsl_edma_soc.o
                0x00005640                EDMA_1_CH9_DriverIRQHandler
 .text.EDMA_1_CH10_DriverIRQHandler
                0x00005650       0x10 ./drivers/fsl_edma_soc.o
                0x00005650                EDMA_1_CH10_DriverIRQHandler
 .text.EDMA_1_CH11_DriverIRQHandler
                0x00005660       0x10 ./drivers/fsl_edma_soc.o
                0x00005660                EDMA_1_CH11_DriverIRQHandler
 .text.EDMA_1_CH12_DriverIRQHandler
                0x00005670       0x10 ./drivers/fsl_edma_soc.o
                0x00005670                EDMA_1_CH12_DriverIRQHandler
 .text.EDMA_1_CH13_DriverIRQHandler
                0x00005680       0x10 ./drivers/fsl_edma_soc.o
                0x00005680                EDMA_1_CH13_DriverIRQHandler
 .text.EDMA_1_CH14_DriverIRQHandler
                0x00005690       0x10 ./drivers/fsl_edma_soc.o
                0x00005690                EDMA_1_CH14_DriverIRQHandler
 .text.EDMA_1_CH15_DriverIRQHandler
                0x000056a0       0x10 ./drivers/fsl_edma_soc.o
                0x000056a0                EDMA_1_CH15_DriverIRQHandler
 .text.CLOCK_EnableClock
                0x000056b0       0x38 ./drivers/fsl_lpflexcomm.o
 .text.LP_FLEXCOMM_PeripheralIsPresent
                0x000056e8       0x52 ./drivers/fsl_lpflexcomm.o
 .text.LP_FLEXCOMM0_DriverIRQHandler
                0x0000573a        0xe ./drivers/fsl_lpflexcomm.o
                0x0000573a                LP_FLEXCOMM0_DriverIRQHandler
 .text.LP_FLEXCOMM1_DriverIRQHandler
                0x00005748        0xe ./drivers/fsl_lpflexcomm.o
                0x00005748                LP_FLEXCOMM1_DriverIRQHandler
 .text.LP_FLEXCOMM2_DriverIRQHandler
                0x00005756        0xe ./drivers/fsl_lpflexcomm.o
                0x00005756                LP_FLEXCOMM2_DriverIRQHandler
 .text.LP_FLEXCOMM3_DriverIRQHandler
                0x00005764        0xe ./drivers/fsl_lpflexcomm.o
                0x00005764                LP_FLEXCOMM3_DriverIRQHandler
 .text.LP_FLEXCOMM4_DriverIRQHandler
                0x00005772        0xe ./drivers/fsl_lpflexcomm.o
                0x00005772                LP_FLEXCOMM4_DriverIRQHandler
 .text.LP_FLEXCOMM5_DriverIRQHandler
                0x00005780        0xe ./drivers/fsl_lpflexcomm.o
                0x00005780                LP_FLEXCOMM5_DriverIRQHandler
 .text.LP_FLEXCOMM6_DriverIRQHandler
                0x0000578e        0xe ./drivers/fsl_lpflexcomm.o
                0x0000578e                LP_FLEXCOMM6_DriverIRQHandler
 .text.LP_FLEXCOMM7_DriverIRQHandler
                0x0000579c        0xe ./drivers/fsl_lpflexcomm.o
                0x0000579c                LP_FLEXCOMM7_DriverIRQHandler
 .text.LP_FLEXCOMM8_DriverIRQHandler
                0x000057aa        0xe ./drivers/fsl_lpflexcomm.o
                0x000057aa                LP_FLEXCOMM8_DriverIRQHandler
 .text.LP_FLEXCOMM9_DriverIRQHandler
                0x000057b8        0xe ./drivers/fsl_lpflexcomm.o
                0x000057b8                LP_FLEXCOMM9_DriverIRQHandler
 .text.LPUART_SoftwareReset
                0x000057c6       0x2c ./drivers/fsl_lpuart.o
 .text.EnableIRQ
                0x000057f2       0x32 ./drivers/fsl_lpuart_edma.o
 .text.LPUART_GetDataRegisterAddress
                0x00005824       0x18 ./drivers/fsl_lpuart_edma.o
 .text.LPUART_EnableTxDMA
                0x0000583c       0x38 ./drivers/fsl_lpuart_edma.o
 .text.LPUART_EnableRxDMA
                0x00005874       0x38 ./drivers/fsl_lpuart_edma.o
 .text.RESET_PeripheralReset
                0x000058ac       0x1c ./drivers/fsl_reset.o
                0x000058ac                RESET_PeripheralReset
 .text.SPC_GetActiveModeBandgapMode
                0x000058c8       0x22 ./drivers/fsl_spc.o
 .text.SPC_GetActiveModeVoltageDetectStatus
                0x000058ea       0x22 ./drivers/fsl_spc.o
 .text.SPC_SetActiveModeDCDCRegulatorVoltageLevel
                0x0000590c       0x32 ./drivers/fsl_spc.o
 .text.SPC_SetActiveModeDCDCRegulatorDriveStrength
                0x0000593e       0x60 ./drivers/fsl_spc.o
                0x0000593e                SPC_SetActiveModeDCDCRegulatorDriveStrength
 .text.SystemInitHook
                0x0000599e        0xe ./device/system_MCXN947_cm33_core0.o
                0x0000599e                SystemInitHook
 .text.HAL_UartGetStatus
                0x000059ac       0x28 ./component/uart/fsl_adapter_lpuart.o
 .text.CLOCK_EnableClock
                0x000059d4       0x38 ./board/clock_config.o
 .text.BOARD_InitBootClocks
                0x00005a0c        0xc ./board/clock_config.o
                0x00005a0c                BOARD_InitBootClocks
 .text.CLOCK_EnableClock
                0x00005a18       0x38 ./board/pin_mux.o
 .text.BOARD_InitBootPins
                0x00005a50        0xc ./board/pin_mux.o
                0x00005a50                BOARD_InitBootPins
 .text.__main   0x00005a5c        0xe D:/Software/MCUXpressoIDE/system/MCUXpressoIDE_25.6.136/ide/plugins/com.nxp.mcuxpresso.tools.win32_25.6.0.202501151204/tools/bin/../lib/gcc/arm-none-eabi/14.2.1/../../../../arm-none-eabi/lib/thumb/v8-m.main+fp/hard\libcr_nohost_nf.a(_cr__main.o)
                0x00005a5c                __main
 .text.memcpy   0x00005a6a        0x4 D:/Software/MCUXpressoIDE/system/MCUXpressoIDE_25.6.136/ide/plugins/com.nxp.mcuxpresso.tools.win32_25.6.0.202501151204/tools/bin/../lib/gcc/arm-none-eabi/14.2.1/../../../../arm-none-eabi/lib/thumb/v8-m.main+fp/hard\libcr_c.a(memcpy.o)
                0x00005a6a                memcpy
 .text.memset   0x00005a6e        0x4 D:/Software/MCUXpressoIDE/system/MCUXpressoIDE_25.6.136/ide/plugins/com.nxp.mcuxpresso.tools.win32_25.6.0.202501151204/tools/bin/../lib/gcc/arm-none-eabi/14.2.1/../../../../arm-none-eabi/lib/thumb/v8-m.main+fp/hard\libcr_c.a(memset.o)
                0x00005a6e                memset
 .text.free     0x00005a72       0x30 D:/Software/MCUXpressoIDE/system/MCUXpressoIDE_25.6.136/ide/plugins/com.nxp.mcuxpresso.tools.win32_25.6.0.202501151204/tools/bin/../lib/gcc/arm-none-eabi/14.2.1/../../../../arm-none-eabi/lib/thumb/v8-m.main+fp/hard\libcr_c.a(alloc.o)
                0x00005a72                free
 .text.setvbuf  0x00005aa2       0x3e D:/Software/MCUXpressoIDE/system/MCUXpressoIDE_25.6.136/ide/plugins/com.nxp.mcuxpresso.tools.win32_25.6.0.202501151204/tools/bin/../lib/gcc/arm-none-eabi/14.2.1/../../../../arm-none-eabi/lib/thumb/v8-m.main+fp/hard\libcr_c.a(setvbuf.o)
                0x00005aa2                setvbuf
 .text.strlen   0x00005ae0       0x4e D:/Software/MCUXpressoIDE/system/MCUXpressoIDE_25.6.136/ide/plugins/com.nxp.mcuxpresso.tools.win32_25.6.0.202501151204/tools/bin/../lib/gcc/arm-none-eabi/14.2.1/../../../../arm-none-eabi/lib/thumb/v8-m.main+fp/hard\libcr_c.a(strlen.o)
                0x00005ae0                strlen
 .text._deferredlazyseek
                0x00005b2e       0x40 D:/Software/MCUXpressoIDE/system/MCUXpressoIDE_25.6.136/ide/plugins/com.nxp.mcuxpresso.tools.win32_25.6.0.202501151204/tools/bin/../lib/gcc/arm-none-eabi/14.2.1/../../../../arm-none-eabi/lib/thumb/v8-m.main+fp/hard\libcr_c.a(_deferredlazyseek.o)
                0x00005b2e                _deferredlazyseek
 .text._fdopen  0x00005b6e       0x68 D:/Software/MCUXpressoIDE/system/MCUXpressoIDE_25.6.136/ide/plugins/com.nxp.mcuxpresso.tools.win32_25.6.0.202501151204/tools/bin/../lib/gcc/arm-none-eabi/14.2.1/../../../../arm-none-eabi/lib/thumb/v8-m.main+fp/hard\libcr_c.a(_fdopen.o)
                0x00005b6e                _fdopen
 .text._fflush  0x00005bd6       0x52 D:/Software/MCUXpressoIDE/system/MCUXpressoIDE_25.6.136/ide/plugins/com.nxp.mcuxpresso.tools.win32_25.6.0.202501151204/tools/bin/../lib/gcc/arm-none-eabi/14.2.1/../../../../arm-none-eabi/lib/thumb/v8-m.main+fp/hard\libcr_c.a(_fflush.o)
                0x00005bd6                _fflush
 .text.fclose   0x00005c28       0x58 D:/Software/MCUXpressoIDE/system/MCUXpressoIDE_25.6.136/ide/plugins/com.nxp.mcuxpresso.tools.win32_25.6.0.202501151204/tools/bin/../lib/gcc/arm-none-eabi/14.2.1/../../../../arm-none-eabi/lib/thumb/v8-m.main+fp/hard\libcr_c.a(fclose.o)
                0x00005c28                fclose
 .text.remove   0x00005c80       0x14 D:/Software/MCUXpressoIDE/system/MCUXpressoIDE_25.6.136/ide/plugins/com.nxp.mcuxpresso.tools.win32_25.6.0.202501151204/tools/bin/../lib/gcc/arm-none-eabi/14.2.1/../../../../arm-none-eabi/lib/thumb/v8-m.main+fp/hard\libcr_c.a(remove.o)
                0x00005c80                remove
 .text._do_fflush
                0x00005c94       0x40 D:/Software/MCUXpressoIDE/system/MCUXpressoIDE_25.6.136/ide/plugins/com.nxp.mcuxpresso.tools.win32_25.6.0.202501151204/tools/bin/../lib/gcc/arm-none-eabi/14.2.1/../../../../arm-none-eabi/lib/thumb/v8-m.main+fp/hard\libcr_c.a(_do_fflush.o)
                0x00005c94                _do_fflush
 .text.__aeabi_f2ulz
                0x00005cd4       0x3e D:/Software/MCUXpressoIDE/system/MCUXpressoIDE_25.6.136/ide/plugins/com.nxp.mcuxpresso.tools.win32_25.6.0.202501151204/tools/bin/../lib/gcc/arm-none-eabi/14.2.1/thumb/v8-m.main+fp/hard\libcr_eabihelpers.a(float.o)
                0x00005cd4                __aeabi_f2ulz
 .text.__aeabi_memcpy
                0x00005d12       0x34 D:/Software/MCUXpressoIDE/system/MCUXpressoIDE_25.6.136/ide/plugins/com.nxp.mcuxpresso.tools.win32_25.6.0.202501151204/tools/bin/../lib/gcc/arm-none-eabi/14.2.1/thumb/v8-m.main+fp/hard\libcr_eabihelpers.a(memcpy.o)
                0x00005d12                __aeabi_memcpy
                0x00005d1c                __aeabi_memcpy8
                0x00005d1c                __aeabi_memcpy4
 .text.__aeabi_memset_lowlevel
                0x00005d46       0x32 D:/Software/MCUXpressoIDE/system/MCUXpressoIDE_25.6.136/ide/plugins/com.nxp.mcuxpresso.tools.win32_25.6.0.202501151204/tools/bin/../lib/gcc/arm-none-eabi/14.2.1/thumb/v8-m.main+fp/hard\libcr_eabihelpers.a(memcpy.o)
                0x00005d46                __aeabi_lowlevel_memset
 .text.__sys_close
                0x00005d78        0x6 D:/Software/MCUXpressoIDE/system/MCUXpressoIDE_25.6.136/ide/plugins/com.nxp.mcuxpresso.tools.win32_25.6.0.202501151204/tools/bin/../lib/gcc/arm-none-eabi/14.2.1/../../../../arm-none-eabi/lib/thumb/v8-m.main+fp/hard\libcr_nohost_nf.a(__sys_close.o)
                0x00005d78                __sys_close
 .text.__sys_flen
                0x00005d7e        0x6 D:/Software/MCUXpressoIDE/system/MCUXpressoIDE_25.6.136/ide/plugins/com.nxp.mcuxpresso.tools.win32_25.6.0.202501151204/tools/bin/../lib/gcc/arm-none-eabi/14.2.1/../../../../arm-none-eabi/lib/thumb/v8-m.main+fp/hard\libcr_nohost_nf.a(__sys_flen.o)
                0x00005d7e                __sys_flen
 .text.__sys_istty
                0x00005d84        0x6 D:/Software/MCUXpressoIDE/system/MCUXpressoIDE_25.6.136/ide/plugins/com.nxp.mcuxpresso.tools.win32_25.6.0.202501151204/tools/bin/../lib/gcc/arm-none-eabi/14.2.1/../../../../arm-none-eabi/lib/thumb/v8-m.main+fp/hard\libcr_nohost_nf.a(__sys_istty.o)
                0x00005d84                __sys_istty
 .text.__sys_remove
                0x00005d8a        0x6 D:/Software/MCUXpressoIDE/system/MCUXpressoIDE_25.6.136/ide/plugins/com.nxp.mcuxpresso.tools.win32_25.6.0.202501151204/tools/bin/../lib/gcc/arm-none-eabi/14.2.1/../../../../arm-none-eabi/lib/thumb/v8-m.main+fp/hard\libcr_nohost_nf.a(__sys_remove.o)
                0x00005d8a                __sys_remove
 .text.__sys_seek
                0x00005d90        0x6 D:/Software/MCUXpressoIDE/system/MCUXpressoIDE_25.6.136/ide/plugins/com.nxp.mcuxpresso.tools.win32_25.6.0.202501151204/tools/bin/../lib/gcc/arm-none-eabi/14.2.1/../../../../arm-none-eabi/lib/thumb/v8-m.main+fp/hard\libcr_nohost_nf.a(__sys_seek.o)
                0x00005d90                __sys_seek
 .text.__sys_tmpnam
                0x00005d96        0x6 D:/Software/MCUXpressoIDE/system/MCUXpressoIDE_25.6.136/ide/plugins/com.nxp.mcuxpresso.tools.win32_25.6.0.202501151204/tools/bin/../lib/gcc/arm-none-eabi/14.2.1/../../../../arm-none-eabi/lib/thumb/v8-m.main+fp/hard\libcr_nohost_nf.a(__sys_tmpnam.o)
                0x00005d96                __sys_tmpnam
 .text.__sys_write
                0x00005d9c        0x4 D:/Software/MCUXpressoIDE/system/MCUXpressoIDE_25.6.136/ide/plugins/com.nxp.mcuxpresso.tools.win32_25.6.0.202501151204/tools/bin/../lib/gcc/arm-none-eabi/14.2.1/../../../../arm-none-eabi/lib/thumb/v8-m.main+fp/hard\libcr_nohost_nf.a(__sys_write.o)
                0x00005d9c                __sys_write
 *(SORT_BY_ALIGNMENT(.rodata) SORT_BY_ALIGNMENT(.rodata.*) SORT_BY_ALIGNMENT(.constdata) SORT_BY_ALIGNMENT(.constdata.*))
 .rodata.__assertion_failed.str1.4
                0x00005da0     0x14f7 ./utilities/fsl_assert.o
                                 0x14 (size before relaxing)
 .rodata.EDMA_SetChannelMux.str1.4
                0x00007297       0xa2 ./source/lpuart_edma_transfer.o
 .rodata.pwm1_init.str1.4
                0x00007297       0x2b ./source/lpuart_edma_transfer.o
 .rodata.pwm2_init.str1.4
                0x00007297       0x2b ./source/lpuart_edma_transfer.o
 .rodata.timer_init.str1.4
                0x00007297       0x6b ./source/lpuart_edma_transfer.o
 *fill*         0x00007297        0x1 ff
 .rodata.s_ctimerBases
                0x00007298       0x14 ./drivers/fsl_ctimer.o
 .rodata.s_ctimerClocks
                0x000072ac        0xa ./drivers/fsl_ctimer.o
 *fill*         0x000072b6        0x2 ff
 .rodata.s_ctimerResets
                0x000072b8       0x14 ./drivers/fsl_ctimer.o
 .rodata.s_ctimerIRQ
                0x000072cc        0xa ./drivers/fsl_ctimer.o
 .rodata.CTIMER_GetInstance.str1.4
                0x000072d6       0x2e ./drivers/fsl_ctimer.o
 .rodata.CTIMER_Init.str1.4
                0x000072d6       0x22 ./drivers/fsl_ctimer.o
 .rodata.CTIMER_GetDefaultConfig.str1.4
                0x000072d6       0x22 ./drivers/fsl_ctimer.o
 .rodata.EDMA_SetChannelMux.str1.4
                0x000072d6       0x4b ./drivers/fsl_edma.o
 .rodata.EDMA_EnableChannelMasterIDReplication.str1.4
                0x000072d6       0x4b ./drivers/fsl_edma.o
 .rodata.EDMA_SetChannelSecurityLevel.str1.4
                0x000072d6       0x4b ./drivers/fsl_edma.o
 .rodata.EDMA_SetChannelProtectionLevel.str1.4
                0x000072d6       0x4b ./drivers/fsl_edma.o
 *fill*         0x000072d6        0x2 ff
 .rodata.s_edmaBases
                0x000072d8        0x8 ./drivers/fsl_edma.o
 .rodata.s_edmaClockName
                0x000072e0        0x4 ./drivers/fsl_edma.o
 .rodata.s_edmaIRQNumber
                0x000072e4       0x40 ./drivers/fsl_edma.o
 .rodata.EDMA_GetInstance.str1.4
                0x00007324       0x33 ./drivers/fsl_edma.o
 .rodata.EDMA_InstallTCD.str1.4
                0x00007324       0x96 ./drivers/fsl_edma.o
 .rodata.EDMA_Init.str1.4
                0x00007324       0x20 ./drivers/fsl_edma.o
 .rodata.EDMA_InitChannel.str1.4
                0x00007324       0x27 ./drivers/fsl_edma.o
 .rodata.EDMA_GetDefaultConfig.str1.4
                0x00007324       0x20 ./drivers/fsl_edma.o
 .rodata.EDMA_SetChannelPreemptionConfig.str1.4
                0x00007324       0x6c ./drivers/fsl_edma.o
 .rodata.EDMA_TcdReset.str1.4
                0x00007324       0x4f ./drivers/fsl_edma.o
 .rodata.EDMA_TcdSetTransferConfig.str1.4
                0x00007324       0x70 ./drivers/fsl_edma.o
 .rodata.EDMA_ConfigChannelSoftwareTCD.str1.4
                0x00007324      0x333 ./drivers/fsl_edma.o
 .rodata.EDMA_GetRemainingMajorLoopCount.str1.4
                0x00007324       0x4b ./drivers/fsl_edma.o
 .rodata.EDMA_CreateHandle.str1.4
                0x00007324       0x70 ./drivers/fsl_edma.o
 .rodata.EDMA_SetCallback.str1.4
                0x00007324       0x21 ./drivers/fsl_edma.o
 .rodata.EDMA_TransferWidthMapping.str1.4
                0x00007324       0x18 ./drivers/fsl_edma.o
 .rodata.EDMA_PrepareTransferConfig.str1.4
                0x00007324      0x1fb ./drivers/fsl_edma.o
 .rodata.EDMA_PrepareTransfer.str1.4
                0x00007324       0x3c ./drivers/fsl_edma.o
 .rodata.EDMA_SubmitTransfer.str1.4
                0x00007324       0x72 ./drivers/fsl_edma.o
 .rodata.EDMA_StartTransfer.str1.4
                0x00007324       0x21 ./drivers/fsl_edma.o
 .rodata.EDMA_StopTransfer.str1.4
                0x00007324       0x21 ./drivers/fsl_edma.o
 .rodata.EDMA_HandleIRQ.str1.4
                0x00007324       0x21 ./drivers/fsl_edma.o
 .rodata.s_lpflexcommClocks
                0x00007324       0x14 ./drivers/fsl_lpflexcomm.o
 .rodata.s_lpflexcommResets
                0x00007338       0x28 ./drivers/fsl_lpflexcomm.o
 .rodata.LP_FLEXCOMM_SetPeriph.str1.4
                0x00007360       0x43 ./drivers/fsl_lpflexcomm.o
 .rodata.LP_FLEXCOMM_Init.str1.4
                0x00007360       0x49 ./drivers/fsl_lpflexcomm.o
 .rodata.LP_FLEXCOMM_SetIRQHandler.str1.4
                0x00007360       0x49 ./drivers/fsl_lpflexcomm.o
 .rodata.s_lpuartBases
                0x00007360       0x28 ./drivers/fsl_lpuart.o
 .rodata.s_lpuartIRQ
                0x00007388       0x14 ./drivers/fsl_lpuart.o
                0x00007388                s_lpuartIRQ
 .rodata.LPUART_GetInstance.str1.4
                0x0000739c       0x38 ./drivers/fsl_lpuart.o
 .rodata.LPUART_Init.str1.4
                0x0000739c      0x10a ./drivers/fsl_lpuart.o
 .rodata.LPUART_GetDefaultConfig.str1.4
                0x0000739c       0x22 ./drivers/fsl_lpuart.o
 .rodata.LPUART_WriteBlocking.str1.4
                0x0000739c       0x20 ./drivers/fsl_lpuart.o
 .rodata.LPUART_ReadBlocking.str1.4
                0x0000739c       0x21 ./drivers/fsl_lpuart.o
 .rodata.s_lpuartBases
                0x0000739c       0x28 ./drivers/fsl_lpuart_edma.o
 .rodata.LPUART_SendEDMACallback.str1.4
                0x000073c4       0x26 ./drivers/fsl_lpuart_edma.o
 .rodata.LPUART_ReceiveEDMACallback.str1.4
                0x000073c4       0x26 ./drivers/fsl_lpuart_edma.o
 .rodata.LPUART_TransferCreateHandleEDMA.str1.4
                0x000073c4       0x27 ./drivers/fsl_lpuart_edma.o
 .rodata.LPUART_ReceiveEDMA.str1.4
                0x000073c4       0xe1 ./drivers/fsl_lpuart_edma.o
 .rodata.LPUART_TransferAbortReceiveEDMA.str1.4
                0x000073c4       0x5d ./drivers/fsl_lpuart_edma.o
 .rodata.LPUART_TransferGetReceiveCountEDMA.str1.4
                0x000073c4       0x86 ./drivers/fsl_lpuart_edma.o
 .rodata.LPUART_TransferEdmaHandleIRQ.str1.4
                0x000073c4       0x71 ./drivers/fsl_lpuart_edma.o
 .rodata.RESET_SetPeripheralReset.str1.4
                0x000073c4       0x1e ./drivers/fsl_reset.o
 .rodata.RESET_ClearPeripheralReset.str1.4
                0x000073c4       0x1e ./drivers/fsl_reset.o
 .rodata.SPC_SetSRAMOperateVoltage.str1.4
                0x000073c4       0x1f ./drivers/fsl_spc.o
 .rodata.SPC_SetActiveModeDCDCRegulatorConfig.str1.4
                0x000073c4       0x20 ./drivers/fsl_spc.o
 .rodata.s_LpuartAdapterBase
                0x000073c4       0x28 ./component/uart/fsl_adapter_lpuart.o
 .rodata.HAL_UartInit.str1.4
                0x000073ec      0x105 ./component/uart/fsl_adapter_lpuart.o
 .rodata.HAL_UartReceiveBlocking.str1.4
                0x000073ec       0x7b ./component/uart/fsl_adapter_lpuart.o
 .rodata.HAL_UartSendBlocking.str1.4
                0x000073ec       0x7b ./component/uart/fsl_adapter_lpuart.o
 .rodata        0x000073ec        0x6 ./board/board.o
 .rodata.PORT_SetPinConfig.str1.4
                0x000073f2       0x6f ./board/pin_mux.o
 *fill*         0x000073f2        0x2 ff
 .rodata.__num_Ciob_streams
                0x000073f4        0x4 D:/Software/MCUXpressoIDE/system/MCUXpressoIDE_25.6.136/ide/plugins/com.nxp.mcuxpresso.tools.win32_25.6.0.202501151204/tools/bin/../lib/gcc/arm-none-eabi/14.2.1/../../../../arm-none-eabi/lib/thumb/v8-m.main+fp/hard\libcr_nohost_nf.a(__ciob.o)
                0x000073f4                __num_Ciob_streams
 .rodata._initio.str1.1
                0x000073f8        0x4 D:/Software/MCUXpressoIDE/system/MCUXpressoIDE_25.6.136/ide/plugins/com.nxp.mcuxpresso.tools.win32_25.6.0.202501151204/tools/bin/../lib/gcc/arm-none-eabi/14.2.1/../../../../arm-none-eabi/lib/thumb/v8-m.main+fp/hard\libcr_c.a(initio.o)
                0x000073fc                        . = ALIGN (0x4)

.glue_7         0x000073fc        0x0
 .glue_7        0x000073fc        0x0 linker stubs

.glue_7t        0x000073fc        0x0
 .glue_7t       0x000073fc        0x0 linker stubs

.vfp11_veneer   0x000073fc        0x0
 .vfp11_veneer  0x000073fc        0x0 linker stubs

.v4_bx          0x000073fc        0x0
 .v4_bx         0x000073fc        0x0 linker stubs

.iplt           0x000073fc        0x0
 .iplt          0x000073fc        0x0 ./utilities/fsl_assert.o

.rel.dyn        0x000073fc        0x0
 .rel.iplt      0x000073fc        0x0 ./utilities/fsl_assert.o

.ARM.extab
 *(SORT_BY_ALIGNMENT(.ARM.extab*) SORT_BY_ALIGNMENT(.gnu.linkonce.armextab.*))

.ARM.exidx      0x000073fc        0x0
                0x000073fc                        __exidx_start = .
 *(SORT_BY_ALIGNMENT(.ARM.exidx*) SORT_BY_ALIGNMENT(.gnu.linkonce.armexidx.*))
                0x000073fc                        __exidx_end = .
                0x000073fc                        _etext = .

.m_usb_data
 *(SORT_BY_ALIGNMENT(m_usb_bdt))
 *(SORT_BY_ALIGNMENT(m_usb_global))

.data_RAM2      0x04000000        0x0 load address 0x000073fc
 FILL mask 0xff
                [!provide]                        PROVIDE (__start_data_RAM2 = .)
                [!provide]                        PROVIDE (__start_data_SRAMX = .)
 *(SORT_BY_ALIGNMENT(.ramfunc.$RAM2))
 *(SORT_BY_ALIGNMENT(.ramfunc.$SRAMX))
 *(SORT_BY_ALIGNMENT(.data.$RAM2))
 *(SORT_BY_ALIGNMENT(.data.$SRAMX))
 *(SORT_BY_ALIGNMENT(.data.$RAM2.*))
 *(SORT_BY_ALIGNMENT(.data.$SRAMX.*))
                0x04000000                        . = ALIGN (0x4)
                [!provide]                        PROVIDE (__end_data_RAM2 = .)
                [!provide]                        PROVIDE (__end_data_SRAMX = .)

.data_RAM3      0x20060000        0x0 load address 0x000073fc
 FILL mask 0xff
                [!provide]                        PROVIDE (__start_data_RAM3 = .)
                [!provide]                        PROVIDE (__start_data_SRAMH = .)
 *(SORT_BY_ALIGNMENT(.ramfunc.$RAM3))
 *(SORT_BY_ALIGNMENT(.ramfunc.$SRAMH))
 *(SORT_BY_ALIGNMENT(.data.$RAM3))
 *(SORT_BY_ALIGNMENT(.data.$SRAMH))
 *(SORT_BY_ALIGNMENT(.data.$RAM3.*))
 *(SORT_BY_ALIGNMENT(.data.$SRAMH.*))
                0x20060000                        . = ALIGN (0x4)
                [!provide]                        PROVIDE (__end_data_RAM3 = .)
                [!provide]                        PROVIDE (__end_data_SRAMH = .)

.data_RAM4      0x400ba000        0x0 load address 0x000073fc
 FILL mask 0xff
                [!provide]                        PROVIDE (__start_data_RAM4 = .)
                [!provide]                        PROVIDE (__start_data_USB_RAM = .)
 *(SORT_BY_ALIGNMENT(.ramfunc.$RAM4))
 *(SORT_BY_ALIGNMENT(.ramfunc.$USB_RAM))
 *(SORT_BY_ALIGNMENT(.data.$RAM4))
 *(SORT_BY_ALIGNMENT(.data.$USB_RAM))
 *(SORT_BY_ALIGNMENT(.data.$RAM4.*))
 *(SORT_BY_ALIGNMENT(.data.$USB_RAM.*))
                0x400ba000                        . = ALIGN (0x4)
                [!provide]                        PROVIDE (__end_data_RAM4 = .)
                [!provide]                        PROVIDE (__end_data_USB_RAM = .)

.uninit_RESERVED
                0x20000000        0x0
                0x20000000                        _start_uninit_RESERVED = .
 *(SORT_BY_ALIGNMENT(.bss.$RESERVED*))
                0x20000000                        . = ALIGN (0x4)
                0x20000000                        _end_uninit_RESERVED = .

.data           0x20000000       0x58 load address 0x000073fc
 FILL mask 0xff
                0x20000000                        _data = .
                [!provide]                        PROVIDE (__start_data_RAM = .)
                [!provide]                        PROVIDE (__start_data_SRAM = .)
 *(SORT_BY_ALIGNMENT(vtable))
 *(SORT_BY_ALIGNMENT(.ramfunc*))
 *(SORT_BY_ALIGNMENT(CodeQuickAccess))
 *(SORT_BY_ALIGNMENT(DataQuickAccess))
 *(SORT_BY_ALIGNMENT(RamFunction))
 *(SORT_BY_ALIGNMENT(.data*))
 .data.ctimer_callback_table
                0x20000000       0x20 ./source/lpuart_edma_transfer.o
                0x20000000                ctimer_callback_table
 .data.s_Ext_Clk_Freq
                0x20000020        0x4 ./drivers/fsl_clock.o
 .data.s_Xtal32_Freq
                0x20000024        0x4 ./drivers/fsl_clock.o
 .data.s_lpflexcommBase
                0x20000028       0x28 ./drivers/fsl_lpflexcomm.o
 .data.SystemCoreClock
                0x20000050        0x4 ./device/system_MCXN947_cm33_core0.o
                0x20000050                SystemCoreClock
 .data.rxBufferEmpty
                0x20000054        0x1 ./source/lpuart_edma_transfer.o
                0x20000054                rxBufferEmpty
                0x20000058                        . = ALIGN (0x4)
 *fill*         0x20000055        0x3 ff
                0x20000058                        _edata = .
                [!provide]                        PROVIDE (__end_data_RAM = .)
                [!provide]                        PROVIDE (__end_data_SRAM = .)

.igot.plt       0x20000058        0x0 load address 0x00007454
 .igot.plt      0x20000058        0x0 ./utilities/fsl_assert.o

.bss_RAM2       0x04000000        0x0
                [!provide]                        PROVIDE (__start_bss_RAM2 = .)
                [!provide]                        PROVIDE (__start_bss_SRAMX = .)
 *(SORT_BY_ALIGNMENT(.bss.$RAM2))
 *(SORT_BY_ALIGNMENT(.bss.$SRAMX))
 *(SORT_BY_ALIGNMENT(.bss.$RAM2.*))
 *(SORT_BY_ALIGNMENT(.bss.$SRAMX.*))
                0x04000000                        . = ALIGN ((. != 0x0)?0x4:0x1)
                [!provide]                        PROVIDE (__end_bss_RAM2 = .)
                [!provide]                        PROVIDE (__end_bss_SRAMX = .)

.bss_RAM3       0x20060000        0x0
                [!provide]                        PROVIDE (__start_bss_RAM3 = .)
                [!provide]                        PROVIDE (__start_bss_SRAMH = .)
 *(SORT_BY_ALIGNMENT(.bss.$RAM3))
 *(SORT_BY_ALIGNMENT(.bss.$SRAMH))
 *(SORT_BY_ALIGNMENT(.bss.$RAM3.*))
 *(SORT_BY_ALIGNMENT(.bss.$SRAMH.*))
                0x20060000                        . = ALIGN ((. != 0x0)?0x4:0x1)
                [!provide]                        PROVIDE (__end_bss_RAM3 = .)
                [!provide]                        PROVIDE (__end_bss_SRAMH = .)

.bss_RAM4       0x400ba000        0x0
                [!provide]                        PROVIDE (__start_bss_RAM4 = .)
                [!provide]                        PROVIDE (__start_bss_USB_RAM = .)
 *(SORT_BY_ALIGNMENT(.bss.$RAM4))
 *(SORT_BY_ALIGNMENT(.bss.$USB_RAM))
 *(SORT_BY_ALIGNMENT(.bss.$RAM4.*))
 *(SORT_BY_ALIGNMENT(.bss.$USB_RAM.*))
                0x400ba000                        . = ALIGN ((. != 0x0)?0x4:0x1)
                [!provide]                        PROVIDE (__end_bss_RAM4 = .)
                [!provide]                        PROVIDE (__end_bss_USB_RAM = .)

.bss            0x20000058      0x4bc
                0x20000058                        _bss = .
                [!provide]                        PROVIDE (__start_bss_RAM = .)
                [!provide]                        PROVIDE (__start_bss_SRAM = .)
 *(SORT_BY_ALIGNMENT(.bss*))
 .bss.s_debugConsole
                0x20000058       0x14 ./utilities/fsl_debug_console.o
 .bss.g_lpuartEdmaHandle
                0x2000006c       0x1c ./source/lpuart_edma_transfer.o
                0x2000006c                g_lpuartEdmaHandle
 .bss.g_lpuartTxEdmaHandle
                0x20000088       0x20 ./source/lpuart_edma_transfer.o
                0x20000088                g_lpuartTxEdmaHandle
 .bss.g_lpuartRxEdmaHandle
                0x200000a8       0x20 ./source/lpuart_edma_transfer.o
                0x200000a8                g_lpuartRxEdmaHandle
 .bss.g_txBuffer
                0x200000c8       0x80 ./source/lpuart_edma_transfer.o